- {"dt": "2020-09-29T10:57:57.823349", "lvl": "target", "msg": "[    0.000000] Linux version 5.9.0-rc7-next-20200929 (TuxBuild@654fba443b8e) (aarch64-linux-gnu-gcc (Debian 9.3.0-8) 9.3.0, GNU ld (GNU Binutils for Debian) 2.34) #1 SMP PREEMPT Tue Sep 29 10:02:15 UTC 2020"}
- {"dt": "2020-09-29T10:57:57.824563", "lvl": "target", "msg": "[    0.000000] Machine model: linux,dummy-virt"}
- {"dt": "2020-09-29T10:57:57.825587", "lvl": "target", "msg": "[    0.000000] efi: UEFI not found."}
- {"dt": "2020-09-29T10:57:57.826642", "lvl": "target", "msg": "[    0.000000] cma: Reserved 32 MiB at 0x00000000fe000000"}
- {"dt": "2020-09-29T10:57:57.827866", "lvl": "target", "msg": "[    0.000000] NUMA: No NUMA configuration found"}
- {"dt": "2020-09-29T10:57:57.828863", "lvl": "target", "msg": "[    0.000000] NUMA: Faking a node at [mem 0x0000000040000000-0x000000013fffffff]"}
- {"dt": "2020-09-29T10:57:57.829849", "lvl": "target", "msg": "[    0.000000] NUMA: NODE_DATA [mem 0x13f7f6100-0x13f7f7fff]"}
- {"dt": "2020-09-29T10:57:57.830997", "lvl": "target", "msg": "[    0.000000] Zone ranges:"}
- {"dt": "2020-09-29T10:57:57.832685", "lvl": "target", "msg": "[    0.000000]   DMA      [mem 0x0000000040000000-0x000000007fffffff]"}
- {"dt": "2020-09-29T10:57:57.833769", "lvl": "target", "msg": "[    0.000000]   DMA32    [mem 0x0000000080000000-0x00000000ffffffff]"}
- {"dt": "2020-09-29T10:57:57.834999", "lvl": "target", "msg": "[    0.000000]   Normal   [mem 0x0000000100000000-0x000000013fffffff]"}
- {"dt": "2020-09-29T10:57:57.836101", "lvl": "target", "msg": "[    0.000000] Movable zone start for each node"}
- {"dt": "2020-09-29T10:57:57.837171", "lvl": "target", "msg": "[    0.000000] Early memory node ranges"}
- {"dt": "2020-09-29T10:57:57.838981", "lvl": "target", "msg": "[    0.000000]   node   0: [mem 0x0000000040000000-0x000000013fffffff]"}
- {"dt": "2020-09-29T10:57:57.840054", "lvl": "target", "msg": "[    0.000000] Initmem setup node 0 [mem 0x0000000040000000-0x000000013fffffff]"}
- {"dt": "2020-09-29T10:57:57.841046", "lvl": "target", "msg": "[    0.000000] psci: probing for conduit method from DT."}
- {"dt": "2020-09-29T10:57:57.842872", "lvl": "target", "msg": "[    0.000000] psci: PSCIv1.0 detected in firmware."}
- {"dt": "2020-09-29T10:57:57.843980", "lvl": "target", "msg": "[    0.000000] psci: Using standard PSCI v0.2 function IDs"}
- {"dt": "2020-09-29T10:57:57.845684", "lvl": "target", "msg": "[    0.000000] psci: Trusted OS migration not required"}
- {"dt": "2020-09-29T10:57:57.846801", "lvl": "target", "msg": "[    0.000000] psci: SMC Calling Convention v1.1"}
- {"dt": "2020-09-29T10:57:57.848515", "lvl": "target", "msg": "[    0.000000] percpu: Embedded 31 pages/cpu s89624 r8192 d29160 u126976"}
- {"dt": "2020-09-29T10:57:57.850303", "lvl": "target", "msg": "[    0.000000] Detected VIPT I-cache on CPU0"}
- {"dt": "2020-09-29T10:57:57.852135", "lvl": "target", "msg": "[    0.000000] CPU features: detected: ARM erratum 845719"}
- {"dt": "2020-09-29T10:57:57.855073", "lvl": "target", "msg": "[    0.000000] CPU features: GIC system register CPU interface present but disabled by higher exception level"}
- {"dt": "2020-09-29T10:57:57.857109", "lvl": "target", "msg": "[    0.000000] Built 1 zonelists, mobility grouping on.  Total pages: 1032192"}
- {"dt": "2020-09-29T10:57:57.859546", "lvl": "target", "msg": "[    0.000000] Policy zone: Normal"}
- {"dt": "2020-09-29T10:57:57.861439", "lvl": "target", "msg": "[    0.000000] Kernel command line: console=ttyAMA0 root=/dev/vda rw"}
- {"dt": "2020-09-29T10:57:57.863524", "lvl": "target", "msg": "[    0.000000] Dentry cache hash table entries: 524288 (order: 10, 4194304 bytes, linear)"}
- {"dt": "2020-09-29T10:57:57.866895", "lvl": "target", "msg": "[    0.000000] Inode-cache hash table entries: 262144 (order: 9, 2097152 bytes, linear)"}
- {"dt": "2020-09-29T10:57:57.868962", "lvl": "target", "msg": "[    0.000000] mem auto-init: stack:off, heap alloc:off, heap free:off"}
- {"dt": "2020-09-29T10:57:57.871861", "lvl": "target", "msg": "[    0.000000] software IO TLB: mapped [mem 0x000000007bfff000-0x000000007ffff000] (64MB)"}
- {"dt": "2020-09-29T10:57:57.877651", "lvl": "target", "msg": "[    0.000000] Memory: 3973284K/4194304K available (17532K kernel code, 3990K rwdata, 9372K rodata, 9344K init, 564K bss, 188252K reserved, 32768K cma-reserved)"}
- {"dt": "2020-09-29T10:57:57.879831", "lvl": "target", "msg": "[    0.000000] SLUB: HWalign=64, Order=0-3, MinObjects=0, CPUs=4, Nodes=1"}
- {"dt": "2020-09-29T10:57:57.881768", "lvl": "target", "msg": "[    0.000000] ftrace: allocating 59656 entries in 234 pages"}
- {"dt": "2020-09-29T10:57:57.883856", "lvl": "target", "msg": "[    0.000000] ftrace: allocated 234 pages with 5 groups"}
- {"dt": "2020-09-29T10:57:57.885816", "lvl": "target", "msg": "[    0.000000] rcu: Preemptible hierarchical RCU implementation."}
- {"dt": "2020-09-29T10:57:57.887909", "lvl": "target", "msg": "[    0.000000] rcu: \tRCU event tracing is enabled."}
- {"dt": "2020-09-29T10:57:57.889863", "lvl": "target", "msg": "[    0.000000] rcu: \tRCU restricting CPUs from NR_CPUS=256 to nr_cpu_ids=4."}
- {"dt": "2020-09-29T10:57:57.891957", "lvl": "target", "msg": "[    0.000000] \tTrampoline variant of Tasks RCU enabled."}
- {"dt": "2020-09-29T10:57:57.893984", "lvl": "target", "msg": "[    0.000000] \tRude variant of Tasks RCU enabled."}
- {"dt": "2020-09-29T10:57:57.896017", "lvl": "target", "msg": "[    0.000000] rcu: RCU calculated value of scheduler-enlistment delay is 25 jiffies."}
- {"dt": "2020-09-29T10:57:57.898084", "lvl": "target", "msg": "[    0.000000] rcu: Adjusting geometry for rcu_fanout_leaf=16, nr_cpu_ids=4"}
- {"dt": "2020-09-29T10:57:57.900129", "lvl": "target", "msg": "[    0.000000] NR_IRQS: 64, nr_irqs: 64, preallocated irqs: 0"}
- {"dt": "2020-09-29T10:57:57.903115", "lvl": "target", "msg": "[    0.000000] GICv2m: range[mem 0x08020000-0x08020fff], SPI[80:143]"}
- {"dt": "2020-09-29T10:57:57.906165", "lvl": "target", "msg": "[    0.000000] random: get_random_bytes called from start_kernel+0x39c/0x56c with crng_init=0"}
- {"dt": "2020-09-29T10:57:57.908268", "lvl": "target", "msg": "[    0.000000] arch_timer: cp15 timer(s) running at 100.00MHz (virt)."}
- {"dt": "2020-09-29T10:57:57.912295", "lvl": "target", "msg": "[    0.000000] clocksource: arch_sys_counter: mask: 0xffffffffffffff max_cycles: 0x171024e7e0, max_idle_ns: 440795205315 ns"}
- {"dt": "2020-09-29T10:57:57.915479", "lvl": "target", "msg": "[    0.000005] sched_clock: 56 bits at 100MHz, resolution 10ns, wraps every 4398046511100ns"}
- {"dt": "2020-09-29T10:57:57.917678", "lvl": "target", "msg": "[    0.000169] Console: colour dummy device 80x25"}
- {"dt": "2020-09-29T10:57:57.921294", "lvl": "target", "msg": "[    0.000285] Calibrating delay loop (skipped), value calculated using timer frequency.. 200.00 BogoMIPS (lpj=400000)"}
- {"dt": "2020-09-29T10:57:57.923737", "lvl": "target", "msg": "[    0.000312] pid_max: default: 32768 minimum: 301"}
- {"dt": "2020-09-29T10:57:57.926211", "lvl": "target", "msg": "[    0.000430] LSM: Security Framework initializing"}
- {"dt": "2020-09-29T10:57:57.928474", "lvl": "target", "msg": "[    0.000521] Mount-cache hash table entries: 8192 (order: 4, 65536 bytes, linear)"}
- {"dt": "2020-09-29T10:57:57.930751", "lvl": "target", "msg": "[    0.001350] Mountpoint-cache hash table entries: 8192 (order: 4, 65536 bytes, linear)"}
- {"dt": "2020-09-29T10:57:57.933011", "lvl": "target", "msg": "[    0.003811] rcu: Hierarchical SRCU implementation."}
- {"dt": "2020-09-29T10:57:57.934252", "lvl": "target", "msg": "[    0.006164] EFI services will not be available."}
- {"dt": "2020-09-29T10:57:57.936673", "lvl": "target", "msg": "[    0.006679] smp: Bringing up secondary CPUs ..."}
- {"dt": "2020-09-29T10:57:57.937813", "lvl": "target", "msg": "[    0.042945] Detected VIPT I-cache on CPU1"}
- {"dt": "2020-09-29T10:57:57.940147", "lvl": "target", "msg": "[    0.043144] CPU1: Booted secondary processor 0x0000000001 [0x410fd034]"}
- {"dt": "2020-09-29T10:57:57.941239", "lvl": "target", "msg": "[    0.081706] Detected VIPT I-cache on CPU2"}
- {"dt": "2020-09-29T10:57:57.943511", "lvl": "target", "msg": "[    0.081908] CPU2: Booted secondary processor 0x0000000002 [0x410fd034]"}
- {"dt": "2020-09-29T10:57:57.945749", "lvl": "target", "msg": "[    0.118674] Detected VIPT I-cache on CPU3"}
- {"dt": "2020-09-29T10:57:57.948149", "lvl": "target", "msg": "[    0.118868] CPU3: Booted secondary processor 0x0000000003 [0x410fd034]"}
- {"dt": "2020-09-29T10:57:57.949285", "lvl": "target", "msg": "[    0.119292] smp: Brought up 1 node, 4 CPUs"}
- {"dt": "2020-09-29T10:57:57.951633", "lvl": "target", "msg": "[    0.119339] SMP: Total of 4 processors activated."}
- {"dt": "2020-09-29T10:57:57.952683", "lvl": "target", "msg": "[    0.119357] CPU features: detected: 32-bit EL0 Support"}
- {"dt": "2020-09-29T10:57:57.954943", "lvl": "target", "msg": "[    0.119373] CPU features: detected: CRC32 instructions"}
- {"dt": "2020-09-29T10:57:57.957231", "lvl": "target", "msg": "[    0.119388] CPU features: detected: 32-bit EL1 Support"}
- {"dt": "2020-09-29T10:57:57.958352", "lvl": "target", "msg": "[    0.162871] CPU: All CPU(s) started at EL1"}
- {"dt": "2020-09-29T10:57:57.960598", "lvl": "target", "msg": "[    0.163095] alternatives: patching kernel code"}
- {"dt": "2020-09-29T10:57:57.961646", "lvl": "target", "msg": "[    0.166629] devtmpfs: initialized"}
- {"dt": "2020-09-29T10:57:57.963974", "lvl": "target", "msg": "[    0.169861] KASLR disabled due to lack of seed"}
- {"dt": "2020-09-29T10:57:57.966343", "lvl": "target", "msg": "[    0.171170] clocksource: jiffies: mask: 0xffffffff max_cycles: 0xffffffff, max_idle_ns: 7645041785100000 ns"}
- {"dt": "2020-09-29T10:57:57.968694", "lvl": "target", "msg": "[    0.171205] futex hash table entries: 1024 (order: 4, 65536 bytes, linear)"}
- {"dt": "2020-09-29T10:57:57.971079", "lvl": "target", "msg": "[    0.173400] pinctrl core: initialized pinctrl subsystem"}
- {"dt": "2020-09-29T10:57:57.973494", "lvl": "target", "msg": "[    0.175236] DMI not present or invalid."}
- {"dt": "2020-09-29T10:57:57.974679", "lvl": "target", "msg": "[    0.176082] NET: Registered protocol family 16"}
- {"dt": "2020-09-29T10:57:57.977094", "lvl": "target", "msg": "[    0.180698] DMA: preallocated 512 KiB GFP_KERNEL pool for atomic allocations"}
- {"dt": "2020-09-29T10:57:57.979655", "lvl": "target", "msg": "[    0.181608] DMA: preallocated 512 KiB GFP_KERNEL|GFP_DMA pool for atomic allocations"}
- {"dt": "2020-09-29T10:57:57.982227", "lvl": "target", "msg": "[    0.181819] DMA: preallocated 512 KiB GFP_KERNEL|GFP_DMA32 pool for atomic allocations"}
- {"dt": "2020-09-29T10:57:57.984716", "lvl": "target", "msg": "[    0.181922] audit: initializing netlink subsys (disabled)"}
- {"dt": "2020-09-29T10:57:57.987172", "lvl": "target", "msg": "[    0.182428] audit: type=2000 audit(0.176:1): state=initialized audit_enabled=0 res=1"}
- {"dt": "2020-09-29T10:57:57.989635", "lvl": "target", "msg": "[    0.183804] thermal_sys: Registered thermal governor 'step_wise'"}
- {"dt": "2020-09-29T10:57:57.992259", "lvl": "target", "msg": "[    0.183817] thermal_sys: Registered thermal governor 'power_allocator'"}
- {"dt": "2020-09-29T10:57:57.995067", "lvl": "target", "msg": "[    0.184414] cpuidle: using governor menu"}
- {"dt": "2020-09-29T10:57:57.996165", "lvl": "target", "msg": "[    0.184768] hw-breakpoint: found 6 breakpoint and 4 watchpoint registers."}
- {"dt": "2020-09-29T10:57:57.998844", "lvl": "target", "msg": "[    0.185277] ASID allocator initialised with 65536 entries"}
- {"dt": "2020-09-29T10:57:57.999933", "lvl": "target", "msg": "[    0.187135] Serial: AMBA PL011 UART driver"}
- {"dt": "2020-09-29T10:57:58.002548", "lvl": "target", "msg": "[    0.252021] 9000000.pl011: ttyAMA0 at MMIO 0x9000000 (irq = 47, base_baud = 0) is a PL011 rev1"}
- {"dt": "2020-09-29T10:57:58.005083", "lvl": "target", "msg": "[    0.453795] printk: console [ttyAMA0] enabled"}
- {"dt": "2020-09-29T10:57:58.024702", "lvl": "target", "msg": "[    0.473008] HugeTLB registered 1.00 GiB page size, pre-allocated 0 pages"}
- {"dt": "2020-09-29T10:57:58.027697", "lvl": "target", "msg": "[    0.475677] HugeTLB registered 32.0 MiB page size, pre-allocated 0 pages"}
- {"dt": "2020-09-29T10:57:58.030376", "lvl": "target", "msg": "[    0.478447] HugeTLB registered 2.00 MiB page size, pre-allocated 0 pages"}
- {"dt": "2020-09-29T10:57:58.033027", "lvl": "target", "msg": "[    0.480871] HugeTLB registered 64.0 KiB page size, pre-allocated 0 pages"}
- {"dt": "2020-09-29T10:57:58.044053", "lvl": "target", "msg": "[    0.494114] cryptd: max_cpu_qlen set to 1000"}
- {"dt": "2020-09-29T10:57:58.068269", "lvl": "target", "msg": "[    0.517881] ACPI: Interpreter disabled."}
- {"dt": "2020-09-29T10:57:58.076466", "lvl": "target", "msg": "[    0.524933] iommu: Default domain type: Translated "}
- {"dt": "2020-09-29T10:57:58.079534", "lvl": "target", "msg": "[    0.527648] vgaarb: loaded"}
- {"dt": "2020-09-29T10:57:58.080654", "lvl": "target", "msg": "[    0.529296] SCSI subsystem initialized"}
- {"dt": "2020-09-29T10:57:58.083305", "lvl": "target", "msg": "[    0.531804] usbcore: registered new interface driver usbfs"}
- {"dt": "2020-09-29T10:57:58.086168", "lvl": "target", "msg": "[    0.534256] usbcore: registered new interface driver hub"}
- {"dt": "2020-09-29T10:57:58.088921", "lvl": "target", "msg": "[    0.536463] usbcore: registered new device driver usb"}
- {"dt": "2020-09-29T10:57:58.091714", "lvl": "target", "msg": "[    0.540313] mc: Linux media interface: v0.10"}
- {"dt": "2020-09-29T10:57:58.094546", "lvl": "target", "msg": "[    0.542033] videodev: Linux video capture interface: v2.00"}
- {"dt": "2020-09-29T10:57:58.095732", "lvl": "target", "msg": "[    0.544444] pps_core: LinuxPPS API ver. 1 registered"}
- {"dt": "2020-09-29T10:57:58.098629", "lvl": "target", "msg": "[    0.546328] pps_core: Software ver. 5.3.6 - Copyright 2005-2007 Rodolfo Giometti <giometti@linux.it>"}
- {"dt": "2020-09-29T10:57:58.101450", "lvl": "target", "msg": "[    0.549957] PTP clock support registered"}
- {"dt": "2020-09-29T10:57:58.102703", "lvl": "target", "msg": "[    0.551859] EDAC MC: Ver: 3.0.0"}
- {"dt": "2020-09-29T10:57:58.107111", "lvl": "target", "msg": "[    0.556776] FPGA manager framework"}
- {"dt": "2020-09-29T10:57:58.109885", "lvl": "target", "msg": "[    0.558420] Advanced Linux Sound Architecture Driver Initialized."}
- {"dt": "2020-09-29T10:57:58.112728", "lvl": "target", "msg": "[    0.562329] clocksource: Switched to clocksource arch_sys_counter"}
- {"dt": "2020-09-29T10:57:59.192320", "lvl": "target", "msg": "[    1.642078] VFS: Disk quotas dquot_6.6.0"}
- {"dt": "2020-09-29T10:57:59.195556", "lvl": "target", "msg": "[    1.644200] VFS: Dquot-cache hash table entries: 512 (order 0, 4096 bytes)"}
- {"dt": "2020-09-29T10:57:59.198458", "lvl": "target", "msg": "[    1.647421] pnp: PnP ACPI: disabled"}
- {"dt": "2020-09-29T10:57:59.217055", "lvl": "target", "msg": "[    1.666908] NET: Registered protocol family 2"}
- {"dt": "2020-09-29T10:57:59.221864", "lvl": "target", "msg": "[    1.669262] tcp_listen_portaddr_hash hash table entries: 2048 (order: 3, 32768 bytes, linear)"}
- {"dt": "2020-09-29T10:57:59.224828", "lvl": "target", "msg": "[    1.673113] TCP established hash table entries: 32768 (order: 6, 262144 bytes, linear)"}
- {"dt": "2020-09-29T10:57:59.227788", "lvl": "target", "msg": "[    1.676745] TCP bind hash table entries: 32768 (order: 7, 524288 bytes, linear)"}
- {"dt": "2020-09-29T10:57:59.230799", "lvl": "target", "msg": "[    1.680161] TCP: Hash tables configured (established 32768 bind 32768)"}
- {"dt": "2020-09-29T10:57:59.235481", "lvl": "target", "msg": "[    1.683029] MPTCP token hash table entries: 4096 (order: 4, 98304 bytes, linear)"}
- {"dt": "2020-09-29T10:57:59.238451", "lvl": "target", "msg": "[    1.685819] UDP hash table entries: 2048 (order: 4, 65536 bytes, linear)"}
- {"dt": "2020-09-29T10:57:59.241284", "lvl": "target", "msg": "[    1.688895] UDP-Lite hash table entries: 2048 (order: 4, 65536 bytes, linear)"}
- {"dt": "2020-09-29T10:57:59.244264", "lvl": "target", "msg": "[    1.692242] NET: Registered protocol family 1"}
- {"dt": "2020-09-29T10:57:59.247250", "lvl": "target", "msg": "[    1.695764] RPC: Registered named UNIX socket transport module."}
- {"dt": "2020-09-29T10:57:59.250540", "lvl": "target", "msg": "[    1.698074] RPC: Registered udp transport module."}
- {"dt": "2020-09-29T10:57:59.251816", "lvl": "target", "msg": "[    1.700211] RPC: Registered tcp transport module."}
- {"dt": "2020-09-29T10:57:59.255086", "lvl": "target", "msg": "[    1.701933] RPC: Registered tcp NFSv4.1 backchannel transport module."}
- {"dt": "2020-09-29T10:57:59.256270", "lvl": "target", "msg": "[    1.705107] PCI: CLS 0 bytes, default 64"}
- {"dt": "2020-09-29T10:57:59.261164", "lvl": "target", "msg": "[    1.709332] hw perfevents: enabled with armv8_pmuv3 PMU driver, 7 counters available"}
- {"dt": "2020-09-29T10:57:59.264450", "lvl": "target", "msg": "[    1.712880] kvm [1]: HYP mode not available"}
- {"dt": "2020-09-29T10:57:59.278066", "lvl": "target", "msg": "[    1.727751] Initialise system trusted keyrings"}
- {"dt": "2020-09-29T10:57:59.281162", "lvl": "target", "msg": "[    1.729976] workingset: timestamp_bits=44 max_order=20 bucket_order=0"}
- {"dt": "2020-09-29T10:57:59.293452", "lvl": "target", "msg": "[    1.741230] squashfs: version 4.0 (2009/01/31) Phillip Lougher"}
- {"dt": "2020-09-29T10:57:59.296703", "lvl": "target", "msg": "[    1.745367] NFS: Registering the id_resolver key type"}
- {"dt": "2020-09-29T10:57:59.299669", "lvl": "target", "msg": "[    1.747741] Key type id_resolver registered"}
- {"dt": "2020-09-29T10:57:59.300758", "lvl": "target", "msg": "[    1.749285] Key type id_legacy registered"}
- {"dt": "2020-09-29T10:57:59.303803", "lvl": "target", "msg": "[    1.751111] nfs4filelayout_init: NFSv4 File Layout Driver Registering..."}
- {"dt": "2020-09-29T10:57:59.306977", "lvl": "target", "msg": "[    1.754054] 9p: Installing v9fs 9p2000 file system support"}
- {"dt": "2020-09-29T10:57:59.352275", "lvl": "target", "msg": "[    1.801756] NET: Registered protocol family 38"}
- {"dt": "2020-09-29T10:57:59.355618", "lvl": "target", "msg": "[    1.803915] Key type asymmetric registered"}
- {"dt": "2020-09-29T10:57:59.356689", "lvl": "target", "msg": "[    1.805411] Asymmetric key parser 'x509' registered"}
- {"dt": "2020-09-29T10:57:59.359678", "lvl": "target", "msg": "[    1.807522] Block layer SCSI generic (bsg) driver version 0.4 loaded (major 244)"}
- {"dt": "2020-09-29T10:57:59.362756", "lvl": "target", "msg": "[    1.810192] io scheduler mq-deadline registered"}
- {"dt": "2020-09-29T10:57:59.363799", "lvl": "target", "msg": "[    1.812212] io scheduler kyber registered"}
- {"dt": "2020-09-29T10:57:59.391078", "lvl": "target", "msg": "[    1.840489] pl061_gpio 9030000.pl061: PL061 GPIO chip registered"}
- {"dt": "2020-09-29T10:57:59.400091", "lvl": "target", "msg": "[    1.847618] pci-host-generic 3f000000.pcie: host bridge /pcie@10000000 ranges:"}
- {"dt": "2020-09-29T10:57:59.403433", "lvl": "target", "msg": "[    1.850472] pci-host-generic 3f000000.pcie:       IO 0x003eff0000..0x003effffff -> 0x0000000000"}
- {"dt": "2020-09-29T10:57:59.406681", "lvl": "target", "msg": "[    1.853575] pci-host-generic 3f000000.pcie:      MEM 0x0010000000..0x003efeffff -> 0x0010000000"}
- {"dt": "2020-09-29T10:57:59.409788", "lvl": "target", "msg": "[    1.857319] pci-host-generic 3f000000.pcie:      MEM 0x8000000000..0xffffffffff -> 0x8000000000"}
- {"dt": "2020-09-29T10:57:59.413052", "lvl": "target", "msg": "[    1.861107] pci-host-generic 3f000000.pcie: ECAM at [mem 0x3f000000-0x3fffffff] for [bus 00-0f]"}
- {"dt": "2020-09-29T10:57:59.416362", "lvl": "target", "msg": "[    1.864940] pci-host-generic 3f000000.pcie: PCI host bridge to bus 0000:00"}
- {"dt": "2020-09-29T10:57:59.419644", "lvl": "target", "msg": "[    1.867856] pci_bus 0000:00: root bus resource [bus 00-0f]"}
- {"dt": "2020-09-29T10:57:59.422964", "lvl": "target", "msg": "[    1.869812] pci_bus 0000:00: root bus resource [io  0x0000-0xffff]"}
- {"dt": "2020-09-29T10:57:59.426337", "lvl": "target", "msg": "[    1.872489] pci_bus 0000:00: root bus resource [mem 0x10000000-0x3efeffff]"}
- {"dt": "2020-09-29T10:57:59.427442", "lvl": "target", "msg": "[    1.875286] pci_bus 0000:00: root bus resource [mem 0x8000000000-0xffffffffff]"}
- {"dt": "2020-09-29T10:57:59.430740", "lvl": "target", "msg": "[    1.878113] pci 0000:00:00.0: [1b36:0008] type 00 class 0x060000"}
- {"dt": "2020-09-29T10:57:59.434110", "lvl": "target", "msg": "[    1.882005] pci 0000:00:01.0: [1af4:1000] type 00 class 0x020000"}
- {"dt": "2020-09-29T10:57:59.437394", "lvl": "target", "msg": "[    1.884893] pci 0000:00:01.0: reg 0x10: [io  0x0000-0x001f]"}
- {"dt": "2020-09-29T10:57:59.440676", "lvl": "target", "msg": "[    1.887208] pci 0000:00:01.0: reg 0x14: [mem 0x00000000-0x00000fff]"}
- {"dt": "2020-09-29T10:57:59.443967", "lvl": "target", "msg": "[    1.889692] pci 0000:00:01.0: reg 0x20: [mem 0x00000000-0x00003fff 64bit pref]"}
- {"dt": "2020-09-29T10:57:59.445079", "lvl": "target", "msg": "[    1.892817] pci 0000:00:01.0: reg 0x30: [mem 0x00000000-0x0003ffff pref]"}
- {"dt": "2020-09-29T10:57:59.448286", "lvl": "target", "msg": "[    1.896809] pci 0000:00:02.0: [1af4:1001] type 00 class 0x010000"}
- {"dt": "2020-09-29T10:57:59.451677", "lvl": "target", "msg": "[    1.899388] pci 0000:00:02.0: reg 0x10: [io  0x0000-0x003f]"}
- {"dt": "2020-09-29T10:57:59.455127", "lvl": "target", "msg": "[    1.901533] pci 0000:00:02.0: reg 0x14: [mem 0x00000000-0x00000fff]"}
- {"dt": "2020-09-29T10:57:59.458487", "lvl": "target", "msg": "[    1.904430] pci 0000:00:02.0: reg 0x20: [mem 0x00000000-0x00003fff 64bit pref]"}
- {"dt": "2020-09-29T10:57:59.461765", "lvl": "target", "msg": "[    1.908617] pci 0000:00:03.0: [1af4:1001] type 00 class 0x010000"}
- {"dt": "2020-09-29T10:57:59.462917", "lvl": "target", "msg": "[    1.911189] pci 0000:00:03.0: reg 0x10: [io  0x0000-0x003f]"}
- {"dt": "2020-09-29T10:57:59.466293", "lvl": "target", "msg": "[    1.913244] pci 0000:00:03.0: reg 0x14: [mem 0x00000000-0x00000fff]"}
- {"dt": "2020-09-29T10:57:59.469627", "lvl": "target", "msg": "[    1.916186] pci 0000:00:03.0: reg 0x20: [mem 0x00000000-0x00003fff 64bit pref]"}
- {"dt": "2020-09-29T10:57:59.473025", "lvl": "target", "msg": "[    1.921102] pci 0000:00:01.0: BAR 6: assigned [mem 0x10000000-0x1003ffff pref]"}
- {"dt": "2020-09-29T10:57:59.476482", "lvl": "target", "msg": "[    1.924379] pci 0000:00:01.0: BAR 4: assigned [mem 0x8000000000-0x8000003fff 64bit pref]"}
- {"dt": "2020-09-29T10:57:59.480049", "lvl": "target", "msg": "[    1.927690] pci 0000:00:02.0: BAR 4: assigned [mem 0x8000004000-0x8000007fff 64bit pref]"}
- {"dt": "2020-09-29T10:57:59.483681", "lvl": "target", "msg": "[    1.930877] pci 0000:00:03.0: BAR 4: assigned [mem 0x8000008000-0x800000bfff 64bit pref]"}
- {"dt": "2020-09-29T10:57:59.487211", "lvl": "target", "msg": "[    1.933756] pci 0000:00:01.0: BAR 1: assigned [mem 0x10040000-0x10040fff]"}
- {"dt": "2020-09-29T10:57:59.490887", "lvl": "target", "msg": "[    1.936685] pci 0000:00:02.0: BAR 1: assigned [mem 0x10041000-0x10041fff]"}
- {"dt": "2020-09-29T10:57:59.492015", "lvl": "target", "msg": "[    1.939353] pci 0000:00:03.0: BAR 1: assigned [mem 0x10042000-0x10042fff]"}
- {"dt": "2020-09-29T10:57:59.495501", "lvl": "target", "msg": "[    1.941702] pci 0000:00:02.0: BAR 0: assigned [io  0x1000-0x103f]"}
- {"dt": "2020-09-29T10:57:59.496608", "lvl": "target", "msg": "[    1.944336] pci 0000:00:03.0: BAR 0: assigned [io  0x1040-0x107f]"}
- {"dt": "2020-09-29T10:57:59.500113", "lvl": "target", "msg": "[    1.946691] pci 0000:00:01.0: BAR 0: assigned [io  0x1080-0x109f]"}
- {"dt": "2020-09-29T10:57:59.506304", "lvl": "target", "msg": "[    1.954202] EINJ: ACPI disabled."}
- {"dt": "2020-09-29T10:57:59.537790", "lvl": "target", "msg": "[    1.986898] virtio-pci 0000:00:01.0: enabling device (0000 -> 0003)"}
- {"dt": "2020-09-29T10:57:59.546645", "lvl": "target", "msg": "[    1.995757] virtio-pci 0000:00:02.0: enabling device (0000 -> 0003)"}
- {"dt": "2020-09-29T10:57:59.555637", "lvl": "target", "msg": "[    2.004666] virtio-pci 0000:00:03.0: enabling device (0000 -> 0003)"}
- {"dt": "2020-09-29T10:57:59.576412", "lvl": "target", "msg": "[    2.025402] Serial: 8250/16550 driver, 4 ports, IRQ sharing enabled"}
- {"dt": "2020-09-29T10:57:59.585525", "lvl": "target", "msg": "[    2.034596] SuperH (H)SCI(F) driver initialized"}
- {"dt": "2020-09-29T10:57:59.589628", "lvl": "target", "msg": "[    2.038659] msm_serial: driver initialized"}
- {"dt": "2020-09-29T10:57:59.596340", "lvl": "target", "msg": "[    2.043943] cacheinfo: Unable to detect cache hierarchy for CPU 0"}
- {"dt": "2020-09-29T10:57:59.611916", "lvl": "target", "msg": "[    2.060719] loop: module loaded"}
- {"dt": "2020-09-29T10:57:59.618502", "lvl": "target", "msg": "[    2.065725] virtio_blk virtio1: [vda] 5121722 512-byte logical blocks (2.62 GB/2.44 GiB)"}
- {"dt": "2020-09-29T10:57:59.622457", "lvl": "target", "msg": "[    2.069508] vda: detected capacity change from 0 to 2622321664"}
- {"dt": "2020-09-29T10:57:59.630211", "lvl": "target", "msg": "[    2.079150] virtio_blk virtio2: [vdb] 1048576 512-byte logical blocks (537 MB/512 MiB)"}
- {"dt": "2020-09-29T10:57:59.634312", "lvl": "target", "msg": "[    2.082067] vdb: detected capacity change from 0 to 536870912"}
- {"dt": "2020-09-29T10:57:59.642624", "lvl": "target", "msg": "[    2.091547] megasas: 07.714.04.00-rc1"}
- {"dt": "2020-09-29T10:57:59.651938", "lvl": "target", "msg": "[    2.097498] physmap-flash 0.flash: physmap platform flash device: [mem 0x00000000-0x03ffffff]"}
- {"dt": "2020-09-29T10:57:59.658708", "lvl": "target", "msg": "[    2.106037] 0.flash: Found 2 x16 devices at 0x0 in 32-bit bank. Manufacturer ID 0x000000 Chip ID 0x000000"}
- {"dt": "2020-09-29T10:57:59.662792", "lvl": "target", "msg": "[    2.110344] Intel/Sharp Extended Query Table at 0x0031"}
- {"dt": "2020-09-29T10:57:59.666854", "lvl": "target", "msg": "[    2.116471] Using buffer write method"}
- {"dt": "2020-09-29T10:57:59.670864", "lvl": "target", "msg": "[    2.118037] physmap-flash 0.flash: physmap platform flash device: [mem 0x04000000-0x07ffffff]"}
- {"dt": "2020-09-29T10:57:59.680294", "lvl": "target", "msg": "[    2.126414] 0.flash: Found 2 x16 devices at 0x0 in 32-bit bank. Manufacturer ID 0x000000 Chip ID 0x000000"}
- {"dt": "2020-09-29T10:57:59.684577", "lvl": "target", "msg": "[    2.129957] Intel/Sharp Extended Query Table at 0x0031"}
- {"dt": "2020-09-29T10:57:59.689194", "lvl": "target", "msg": "[    2.136721] Using buffer write method"}
- {"dt": "2020-09-29T10:57:59.690648", "lvl": "target", "msg": "[    2.138353] Concatenating MTD devices:"}
- {"dt": "2020-09-29T10:57:59.691865", "lvl": "target", "msg": "[    2.139821] (0): \\\"0.flash\\\""}
- {"dt": "2020-09-29T10:57:59.695875", "lvl": "target", "msg": "[    2.140811] (1): \\\"0.flash\\\""}
- {"dt": "2020-09-29T10:57:59.697230", "lvl": "target", "msg": "[    2.141810] into device \\\"0.flash\\\""}
- {"dt": "2020-09-29T10:57:59.713113", "lvl": "target", "msg": "[    2.161440] libphy: Fixed MDIO Bus: probed"}
- {"dt": "2020-09-29T10:57:59.723626", "lvl": "target", "msg": "[    2.172351] thunder_xcv, ver 1.0"}
- {"dt": "2020-09-29T10:57:59.727742", "lvl": "target", "msg": "[    2.173791] thunder_bgx, ver 1.0"}
- {"dt": "2020-09-29T10:57:59.728973", "lvl": "target", "msg": "[    2.175666] nicpf, ver 1.0"}
- {"dt": "2020-09-29T10:57:59.732870", "lvl": "target", "msg": "[    2.180254] hclge is initializing"}
- {"dt": "2020-09-29T10:57:59.736998", "lvl": "target", "msg": "[    2.181733] hns3: Hisilicon Ethernet Network Driver for Hip08 Family - version"}
- {"dt": "2020-09-29T10:57:59.738344", "lvl": "target", "msg": "[    2.185209] hns3: Copyright (c) 2017 Huawei Corporation."}
- {"dt": "2020-09-29T10:57:59.742341", "lvl": "target", "msg": "[    2.189118] e1000: Intel(R) PRO/1000 Network Driver"}
- {"dt": "2020-09-29T10:57:59.743565", "lvl": "target", "msg": "[    2.191461] e1000: Copyright (c) 1999-2006 Intel Corporation."}
- {"dt": "2020-09-29T10:57:59.747706", "lvl": "target", "msg": "[    2.193665] e1000e: Intel(R) PRO/1000 Network Driver"}
- {"dt": "2020-09-29T10:57:59.749055", "lvl": "target", "msg": "[    2.195971] e1000e: Copyright(c) 1999 - 2015 Intel Corporation."}
- {"dt": "2020-09-29T10:57:59.753196", "lvl": "target", "msg": "[    2.198465] igb: Intel(R) Gigabit Ethernet Network Driver"}
- {"dt": "2020-09-29T10:57:59.754540", "lvl": "target", "msg": "[    2.200524] igb: Copyright (c) 2007-2014 Intel Corporation."}
- {"dt": "2020-09-29T10:57:59.758631", "lvl": "target", "msg": "[    2.202862] igbvf: Intel(R) Gigabit Virtual Function Network Driver"}
- {"dt": "2020-09-29T10:57:59.759910", "lvl": "target", "msg": "[    2.205169] igbvf: Copyright (c) 2009 - 2012 Intel Corporation."}
- {"dt": "2020-09-29T10:57:59.761022", "lvl": "target", "msg": "[    2.208781] sky2: driver version 1.30"}
- {"dt": "2020-09-29T10:57:59.765028", "lvl": "target", "msg": "[    2.210355] QLogic FastLinQ 4xxxx Core Module qed 8.37.0.20"}
- {"dt": "2020-09-29T10:57:59.766319", "lvl": "target", "msg": "[    2.212394] qede_init: QLogic FastLinQ 4xxxx Ethernet Driver qede 8.37.0.20"}
- {"dt": "2020-09-29T10:57:59.767466", "lvl": "target", "msg": "[    2.212394] "}
- {"dt": "2020-09-29T10:57:59.771819", "lvl": "target", "msg": "[    2.218568] usbcore: registered new interface driver asix"}
- {"dt": "2020-09-29T10:57:59.773109", "lvl": "target", "msg": "[    2.220738] usbcore: registered new interface driver ax88179_178a"}
- {"dt": "2020-09-29T10:57:59.777217", "lvl": "target", "msg": "[    2.223854] VFIO - User Level meta-driver version: 0.3"}
- {"dt": "2020-09-29T10:57:59.781592", "lvl": "target", "msg": "[    2.230753] ehci_hcd: USB 2.0 'Enhanced' Host Controller (EHCI) Driver"}
- {"dt": "2020-09-29T10:57:59.787049", "lvl": "target", "msg": "[    2.233369] ehci-pci: EHCI PCI platform driver"}
- {"dt": "2020-09-29T10:57:59.788463", "lvl": "target", "msg": "[    2.235416] ehci-platform: EHCI generic platform driver"}
- {"dt": "2020-09-29T10:57:59.792896", "lvl": "target", "msg": "[    2.237990] ehci-orion: EHCI orion driver"}
- {"dt": "2020-09-29T10:57:59.794291", "lvl": "target", "msg": "[    2.240466] ehci-exynos: EHCI Exynos driver"}
- {"dt": "2020-09-29T10:57:59.798756", "lvl": "target", "msg": "[    2.242598] ohci_hcd: USB 1.1 'Open' Host Controller (OHCI) Driver"}
- {"dt": "2020-09-29T10:57:59.800066", "lvl": "target", "msg": "[    2.244972] ohci-pci: OHCI PCI platform driver"}
- {"dt": "2020-09-29T10:57:59.801173", "lvl": "target", "msg": "[    2.246907] ohci-platform: OHCI generic platform driver"}
- {"dt": "2020-09-29T10:57:59.805378", "lvl": "target", "msg": "[    2.249524] ohci-exynos: OHCI Exynos driver"}
- {"dt": "2020-09-29T10:57:59.806732", "lvl": "target", "msg": "[    2.252773] usbcore: registered new interface driver usb-storage"}
- {"dt": "2020-09-29T10:57:59.814553", "lvl": "target", "msg": "[    2.263063] rtc-pl031 9010000.pl031: registered as rtc0"}
- {"dt": "2020-09-29T10:57:59.818954", "lvl": "target", "msg": "[    2.265209] rtc-pl031 9010000.pl031: setting system clock to 2020-09-29T10:57:59 UTC (1601377079)"}
- {"dt": "2020-09-29T10:57:59.823281", "lvl": "target", "msg": "[    2.271016] i2c /dev entries driver"}
- {"dt": "2020-09-29T10:57:59.842983", "lvl": "target", "msg": "[    2.291417] sdhci: Secure Digital Host Controller Interface driver"}
- {"dt": "2020-09-29T10:57:59.847490", "lvl": "target", "msg": "[    2.293749] sdhci: Copyright(c) Pierre Ossman"}
- {"dt": "2020-09-29T10:57:59.851813", "lvl": "target", "msg": "[    2.297362] Synopsys Designware Multimedia Card Interface Driver"}
- {"dt": "2020-09-29T10:57:59.856214", "lvl": "target", "msg": "[    2.302977] sdhci-pltfm: SDHCI platform and OF driver helper"}
- {"dt": "2020-09-29T10:57:59.863676", "lvl": "target", "msg": "[    2.310098] ledtrig-cpu: registered to indicate activity on CPUs"}
- {"dt": "2020-09-29T10:57:59.868106", "lvl": "target", "msg": "[    2.317276] usbcore: registered new interface driver usbhid"}
- {"dt": "2020-09-29T10:57:59.872490", "lvl": "target", "msg": "[    2.319728] usbhid: USB HID core driver"}
- {"dt": "2020-09-29T10:57:59.886474", "lvl": "target", "msg": "[    2.334845] NET: Registered protocol family 10"}
- {"dt": "2020-09-29T10:57:59.890967", "lvl": "target", "msg": "[    2.338475] Segment Routing with IPv6"}
- {"dt": "2020-09-29T10:57:59.892267", "lvl": "target", "msg": "[    2.339970] NET: Registered protocol family 17"}
- {"dt": "2020-09-29T10:57:59.896686", "lvl": "target", "msg": "[    2.341800] 9pnet: Installing 9P2000 support"}
- {"dt": "2020-09-29T10:57:59.897942", "lvl": "target", "msg": "[    2.343872] Key type dns_resolver registered"}
- {"dt": "2020-09-29T10:57:59.899065", "lvl": "target", "msg": "[    2.346231] registered taskstats version 1"}
- {"dt": "2020-09-29T10:57:59.903348", "lvl": "target", "msg": "[    2.348227] TAP version 14"}
- {"dt": "2020-09-29T10:57:59.904522", "lvl": "target", "msg": "[    2.349240]     # Subtest: sysctl_test"}
- {"dt": "2020-09-29T10:57:59.905584", "lvl": "target", "msg": "[    2.349252]     1..10"}
- {"dt": "2020-09-29T10:57:59.906705", "lvl": "target", "msg": "[    2.351438]     ok 1 - sysctl_test_api_dointvec_null_tbl_data"}
- {"dt": "2020-09-29T10:57:59.911010", "lvl": "target", "msg": "[    2.352740]     ok 2 - sysctl_test_api_dointvec_table_maxlen_unset"}
- {"dt": "2020-09-29T10:57:59.912181", "lvl": "target", "msg": "[    2.355510]     ok 3 - sysctl_test_api_dointvec_table_len_is_zero"}
- {"dt": "2020-09-29T10:57:59.916571", "lvl": "target", "msg": "[    2.358312]     ok 4 - sysctl_test_api_dointvec_table_read_but_position_set"}
- {"dt": "2020-09-29T10:57:59.917777", "lvl": "target", "msg": "[    2.360956]     ok 5 - sysctl_test_dointvec_read_happy_single_positive"}
- {"dt": "2020-09-29T10:57:59.922198", "lvl": "target", "msg": "[    2.364682]     ok 6 - sysctl_test_dointvec_read_happy_single_negative"}
- {"dt": "2020-09-29T10:57:59.923387", "lvl": "target", "msg": "[    2.368040]     ok 7 - sysctl_test_dointvec_write_happy_single_positive"}
- {"dt": "2020-09-29T10:57:59.927726", "lvl": "target", "msg": "[    2.371367]     ok 8 - sysctl_test_dointvec_write_happy_single_negative"}
- {"dt": "2020-09-29T10:57:59.932162", "lvl": "target", "msg": "[    2.374488]     ok 9 - sysctl_test_api_dointvec_write_single_less_int_min"}
- {"dt": "2020-09-29T10:57:59.933301", "lvl": "target", "msg": "[    2.377306]     ok 10 - sysctl_test_api_dointvec_write_single_greater_int_max"}
- {"dt": "2020-09-29T10:57:59.937630", "lvl": "target", "msg": "[    2.380227] ok 1 - sysctl_test"}
- {"dt": "2020-09-29T10:57:59.938866", "lvl": "target", "msg": "[    2.384086] Loading compiled-in X.509 certificates"}
- {"dt": "2020-09-29T10:57:59.939942", "lvl": "target", "msg": "[    2.385941]     # Subtest: ext4_inode_test"}
- {"dt": "2020-09-29T10:57:59.941019", "lvl": "target", "msg": "[    2.385954]     1..1"}
- {"dt": "2020-09-29T10:57:59.945433", "lvl": "target", "msg": "[    2.388335]     ok 1 - inode_test_xtimestamp_decoding"}
- {"dt": "2020-09-29T10:57:59.946754", "lvl": "target", "msg": "[    2.389194] ok 2 - ext4_inode_test"}
- {"dt": "2020-09-29T10:57:59.947837", "lvl": "target", "msg": "[    2.392828]     # Subtest: kunit-try-catch-test"}
- {"dt": "2020-09-29T10:57:59.948897", "lvl": "target", "msg": "[    2.392840]     1..2"}
- {"dt": "2020-09-29T10:57:59.953374", "lvl": "target", "msg": "[    2.395793]     ok 1 - kunit_test_try_catch_successful_try_no_catch"}
- {"dt": "2020-09-29T10:57:59.954710", "lvl": "target", "msg": "[    2.397496]     ok 2 - kunit_test_try_catch_unsuccessful_try_does_catch"}
- {"dt": "2020-09-29T10:57:59.955829", "lvl": "target", "msg": "[    2.400287] ok 3 - kunit-try-catch-test"}
- {"dt": "2020-09-29T10:57:59.960343", "lvl": "target", "msg": "[    2.404340]     # Subtest: kunit-resource-test"}
- {"dt": "2020-09-29T10:57:59.961539", "lvl": "target", "msg": "[    2.404352]     1..7"}
- {"dt": "2020-09-29T10:57:59.962671", "lvl": "target", "msg": "[    2.406673]     ok 1 - kunit_resource_test_init_resources"}
- {"dt": "2020-09-29T10:57:59.967172", "lvl": "target", "msg": "[    2.408175]     ok 2 - kunit_resource_test_alloc_resource"}
- {"dt": "2020-09-29T10:57:59.968331", "lvl": "target", "msg": "[    2.411007]     ok 3 - kunit_resource_test_destroy_resource"}
- {"dt": "2020-09-29T10:57:59.969395", "lvl": "target", "msg": "[    2.413530]     ok 4 - kunit_resource_test_cleanup_resources"}
- {"dt": "2020-09-29T10:57:59.973863", "lvl": "target", "msg": "[    2.416446]     ok 5 - kunit_resource_test_proper_free_ordering"}
- {"dt": "2020-09-29T10:57:59.975102", "lvl": "target", "msg": "[    2.419169]     ok 6 - kunit_resource_test_static"}
- {"dt": "2020-09-29T10:57:59.976172", "lvl": "target", "msg": "[    2.421827]     ok 7 - kunit_resource_test_named"}
- {"dt": "2020-09-29T10:57:59.980702", "lvl": "target", "msg": "[    2.424025] ok 4 - kunit-resource-test"}
- {"dt": "2020-09-29T10:57:59.981849", "lvl": "target", "msg": "[    2.427312]     # Subtest: kunit-log-test"}
- {"dt": "2020-09-29T10:57:59.982982", "lvl": "target", "msg": "[    2.427325]     1..1"}
- {"dt": "2020-09-29T10:57:59.984043", "lvl": "target", "msg": "[    2.429162] put this in log."}
- {"dt": "2020-09-29T10:57:59.985103", "lvl": "target", "msg": "[    2.430090] this too."}
- {"dt": "2020-09-29T10:57:59.989654", "lvl": "target", "msg": "[    2.431425] add to suite log."}
- {"dt": "2020-09-29T10:57:59.990934", "lvl": "target", "msg": "[    2.432278] along with this."}
- {"dt": "2020-09-29T10:57:59.992119", "lvl": "target", "msg": "[    2.433453]     ok 1 - kunit_log_test"}
- {"dt": "2020-09-29T10:57:59.993294", "lvl": "target", "msg": "[    2.434731] ok 5 - kunit-log-test"}
- {"dt": "2020-09-29T10:57:59.994474", "lvl": "target", "msg": "[    2.437314]     # Subtest: string-stream-test"}
- {"dt": "2020-09-29T10:57:59.995616", "lvl": "target", "msg": "[    2.437326]     1..3"}
- {"dt": "2020-09-29T10:58:00.000333", "lvl": "target", "msg": "[    2.439626]     ok 1 - string_stream_test_empty_on_creation"}
- {"dt": "2020-09-29T10:58:00.001591", "lvl": "target", "msg": "[    2.440935]     ok 2 - string_stream_test_not_empty_after_add"}
- {"dt": "2020-09-29T10:58:00.002840", "lvl": "target", "msg": "[    2.443758]     ok 3 - string_stream_test_get_string"}
- {"dt": "2020-09-29T10:58:00.003972", "lvl": "target", "msg": "[    2.445940] ok 6 - string-stream-test"}
- {"dt": "2020-09-29T10:58:00.005072", "lvl": "target", "msg": "[    2.449523]     # Subtest: example"}
- {"dt": "2020-09-29T10:58:00.009778", "lvl": "target", "msg": "[    2.449535]     1..1"}
- {"dt": "2020-09-29T10:58:00.011176", "lvl": "target", "msg": "[    2.451408]     # example_simple_test: initializing"}
- {"dt": "2020-09-29T10:58:00.012366", "lvl": "target", "msg": "[    2.454361]     ok 1 - example_simple_test"}
- {"dt": "2020-09-29T10:58:00.013584", "lvl": "target", "msg": "[    2.454380] ok 7 - example"}
- {"dt": "2020-09-29T10:58:00.014847", "lvl": "target", "msg": "[    2.457619]     # Subtest: list-kunit-test"}
- {"dt": "2020-09-29T10:58:00.016014", "lvl": "target", "msg": "[    2.457635]     1..36"}
- {"dt": "2020-09-29T10:58:00.021109", "lvl": "target", "msg": "[    2.460224]     ok 1 - list_test_list_init"}
- {"dt": "2020-09-29T10:58:00.022430", "lvl": "target", "msg": "[    2.461595]     ok 2 - list_test_list_add"}
- {"dt": "2020-09-29T10:58:00.023586", "lvl": "target", "msg": "[    2.464024]     ok 3 - list_test_list_add_tail"}
- {"dt": "2020-09-29T10:58:00.024725", "lvl": "target", "msg": "[    2.466245]     ok 4 - list_test_list_del"}
- {"dt": "2020-09-29T10:58:00.025857", "lvl": "target", "msg": "[    2.468840]     ok 5 - list_test_list_replace"}
- {"dt": "2020-09-29T10:58:00.030729", "lvl": "target", "msg": "[    2.471167]     ok 6 - list_test_list_replace_init"}
- {"dt": "2020-09-29T10:58:00.031982", "lvl": "target", "msg": "[    2.473204]     ok 7 - list_test_list_swap"}
- {"dt": "2020-09-29T10:58:00.033090", "lvl": "target", "msg": "[    2.475821]     ok 8 - list_test_list_del_init"}
- {"dt": "2020-09-29T10:58:00.034237", "lvl": "target", "msg": "[    2.477740]     ok 9 - list_test_list_move"}
- {"dt": "2020-09-29T10:58:00.039140", "lvl": "target", "msg": "[    2.480097]     ok 10 - list_test_list_move_tail"}
- {"dt": "2020-09-29T10:58:00.040454", "lvl": "target", "msg": "[    2.482115]     ok 11 - list_test_list_bulk_move_tail"}
- {"dt": "2020-09-29T10:58:00.041612", "lvl": "target", "msg": "[    2.484689]     ok 12 - list_test_list_is_first"}
- {"dt": "2020-09-29T10:58:00.046652", "lvl": "target", "msg": "[    2.487242]     ok 13 - list_test_list_is_last"}
- {"dt": "2020-09-29T10:58:00.047900", "lvl": "target", "msg": "[    2.489337]     ok 14 - list_test_list_empty"}
- {"dt": "2020-09-29T10:58:00.049007", "lvl": "target", "msg": "[    2.491760]     ok 15 - list_test_list_empty_careful"}
- {"dt": "2020-09-29T10:58:00.053836", "lvl": "target", "msg": "[    2.494037]     ok 16 - list_test_list_rotate_left"}
- {"dt": "2020-09-29T10:58:00.055217", "lvl": "target", "msg": "[    2.496797]     ok 17 - list_test_list_rotate_to_front"}
- {"dt": "2020-09-29T10:58:00.056321", "lvl": "target", "msg": "[    2.499463]     ok 18 - list_test_list_is_singular"}
- {"dt": "2020-09-29T10:58:00.061231", "lvl": "target", "msg": "[    2.501936]     ok 19 - list_test_list_cut_position"}
- {"dt": "2020-09-29T10:58:00.062505", "lvl": "target", "msg": "[    2.504604]     ok 20 - list_test_list_cut_before"}
- {"dt": "2020-09-29T10:58:00.063611", "lvl": "target", "msg": "[    2.506974]     ok 21 - list_test_list_splice"}
- {"dt": "2020-09-29T10:58:00.068601", "lvl": "target", "msg": "[    2.509235]     ok 22 - list_test_list_splice_tail"}
- {"dt": "2020-09-29T10:58:00.069925", "lvl": "target", "msg": "[    2.511563]     ok 23 - list_test_list_splice_init"}
- {"dt": "2020-09-29T10:58:00.071118", "lvl": "target", "msg": "[    2.513830]     ok 24 - list_test_list_splice_tail_init"}
- {"dt": "2020-09-29T10:58:00.076256", "lvl": "target", "msg": "[    2.516717]     ok 25 - list_test_list_entry"}
- {"dt": "2020-09-29T10:58:00.077494", "lvl": "target", "msg": "[    2.519558]     ok 26 - list_test_list_first_entry"}
- {"dt": "2020-09-29T10:58:00.078715", "lvl": "target", "msg": "[    2.521637]     ok 27 - list_test_list_last_entry"}
- {"dt": "2020-09-29T10:58:00.083731", "lvl": "target", "msg": "[    2.524312]     ok 28 - list_test_list_first_entry_or_null"}
- {"dt": "2020-09-29T10:58:00.084985", "lvl": "target", "msg": "[    2.526755]     ok 29 - list_test_list_next_entry"}
- {"dt": "2020-09-29T10:58:00.086141", "lvl": "target", "msg": "[    2.529307]     ok 30 - list_test_list_prev_entry"}
- {"dt": "2020-09-29T10:58:00.091200", "lvl": "target", "msg": "[    2.531968]     ok 31 - list_test_list_for_each"}
- {"dt": "2020-09-29T10:58:00.092449", "lvl": "target", "msg": "[    2.534242]     ok 32 - list_test_list_for_each_prev"}
- {"dt": "2020-09-29T10:58:00.093596", "lvl": "target", "msg": "[    2.536889]     ok 33 - list_test_list_for_each_safe"}
- {"dt": "2020-09-29T10:58:00.098774", "lvl": "target", "msg": "[    2.539465]     ok 34 - list_test_list_for_each_prev_safe"}
- {"dt": "2020-09-29T10:58:00.100030", "lvl": "target", "msg": "[    2.541736]     ok 35 - list_test_list_for_each_entry"}
- {"dt": "2020-09-29T10:58:00.101155", "lvl": "target", "msg": "[    2.544771]     ok 36 - list_test_list_for_each_entry_reverse"}
- {"dt": "2020-09-29T10:58:00.102357", "lvl": "target", "msg": "[    2.546871] ok 8 - list-kunit-test"}
- {"dt": "2020-09-29T10:58:00.107555", "lvl": "target", "msg": "[    2.550914]     # Subtest: qos-kunit-test"}
- {"dt": "2020-09-29T10:58:00.108879", "lvl": "target", "msg": "[    2.550929]     1..3"}
- {"dt": "2020-09-29T10:58:00.110042", "lvl": "target", "msg": "[    2.553054]     ok 1 - freq_qos_test_min"}
- {"dt": "2020-09-29T10:58:00.111201", "lvl": "target", "msg": "[    2.554552]     ok 2 - freq_qos_test_maxdef"}
- {"dt": "2020-09-29T10:58:00.116446", "lvl": "target", "msg": "[    2.556533]     ok 3 - freq_qos_test_readd"}
- {"dt": "2020-09-29T10:58:00.117705", "lvl": "target", "msg": "[    2.558143] ok 9 - qos-kunit-test"}
- {"dt": "2020-09-29T10:58:00.118883", "lvl": "target", "msg": "[    2.561326]     # Subtest: property-entry"}
- {"dt": "2020-09-29T10:58:00.120025", "lvl": "target", "msg": "[    2.561341]     1..7"}
- {"dt": "2020-09-29T10:58:00.121179", "lvl": "target", "msg": "[    2.563650]     ok 1 - pe_test_uints"}
- {"dt": "2020-09-29T10:58:00.126530", "lvl": "target", "msg": "[    2.565004]     ok 2 - pe_test_uint_arrays"}
- {"dt": "2020-09-29T10:58:00.127825", "lvl": "target", "msg": "[    2.567040]     ok 3 - pe_test_strings"}
- {"dt": "2020-09-29T10:58:00.128979", "lvl": "target", "msg": "[    2.569109]     ok 4 - pe_test_bool"}
- {"dt": "2020-09-29T10:58:00.130156", "lvl": "target", "msg": "[    2.571360]     ok 5 - pe_test_move_inline_u8"}
- {"dt": "2020-09-29T10:58:00.131313", "lvl": "target", "msg": "[    2.573209]     ok 6 - pe_test_move_inline_str"}
- {"dt": "2020-09-29T10:58:00.136526", "lvl": "target", "msg": "[    2.575591]     ok 7 - pe_test_reference"}
- {"dt": "2020-09-29T10:58:00.137781", "lvl": "target", "msg": "[    2.577259] ok 10 - property-entry"}
- {"dt": "2020-09-29T10:58:00.138992", "lvl": "target", "msg": "[    2.581521] input: gpio-keys as /devices/platform/gpio-keys/input/input0"}
- {"dt": "2020-09-29T10:58:00.144322", "lvl": "target", "msg": "[    2.588311]     # Subtest: mptcp-crypto"}
- {"dt": "2020-09-29T10:58:00.145589", "lvl": "target", "msg": "[    2.588329]     1..1"}
- {"dt": "2020-09-29T10:58:00.146804", "lvl": "target", "msg": "[    2.590521]     ok 1 - mptcp_crypto_test_basic"}
- {"dt": "2020-09-29T10:58:00.147955", "lvl": "target", "msg": "[    2.591388] ok 11 - mptcp-crypto"}
- {"dt": "2020-09-29T10:58:00.149105", "lvl": "target", "msg": "[    2.594430]     # Subtest: mptcp-token"}
- {"dt": "2020-09-29T10:58:00.154483", "lvl": "target", "msg": "[    2.594444]     1..4"}
- {"dt": "2020-09-29T10:58:00.155760", "lvl": "target", "msg": "[    2.596418]     ok 1 - mptcp_token_test_req_basic"}
- {"dt": "2020-09-29T10:58:00.156913", "lvl": "target", "msg": "[    2.597660]     ok 2 - mptcp_token_test_msk_basic"}
- {"dt": "2020-09-29T10:58:00.158084", "lvl": "target", "msg": "[    2.600245]     ok 3 - mptcp_token_test_accept"}
- {"dt": "2020-09-29T10:58:00.159264", "lvl": "target", "msg": "[    2.602646]     ok 4 - mptcp_token_test_destroyed"}
- {"dt": "2020-09-29T10:58:00.164688", "lvl": "target", "msg": "[    2.604311] ok 12 - mptcp-token"}
- {"dt": "2020-09-29T10:58:00.166054", "lvl": "target", "msg": "[    2.607580] ALSA device list:"}
- {"dt": "2020-09-29T10:58:00.167289", "lvl": "target", "msg": "[    2.608702]   No soundcards found."}
- {"dt": "2020-09-29T10:58:00.168521", "lvl": "target", "msg": "[    2.610429] uart-pl011 9000000.pl011: no DMA platform data"}
- {"dt": "2020-09-29T10:58:00.181084", "lvl": "target", "msg": "[    2.628403] EXT4-fs (vda): mounted filesystem with ordered data mode. Opts: (null)"}
- {"dt": "2020-09-29T10:58:00.186800", "lvl": "target", "msg": "[    2.632041] VFS: Mounted root (ext4 filesystem) on device 254:0."}
- {"dt": "2020-09-29T10:58:00.188096", "lvl": "target", "msg": "[    2.636869] devtmpfs: mounted"}
- {"dt": "2020-09-29T10:58:00.205272", "lvl": "target", "msg": "[    2.652448] Freeing unused kernel memory: 9344K"}
- {"dt": "2020-09-29T10:58:00.219223", "lvl": "target", "msg": "[    2.666593] Run /sbin/init as init process"}
- {"dt": "2020-09-29T10:58:00.322024", "lvl": "target", "msg": "[    2.760692] systemd[1]: systemd 237 running in system mode. (+PAM -AUDIT -SELINUX +IMA -APPARMOR +SMACK +SYSVINIT +UTMP -LIBCRYPTSETUP -GCRYPT -GNUTLS +ACL +XZ -LZ4 -SECCOMP +BLKID -ELFUTILS +KMOD -IDN2 -IDN -PCRE2 default-hierarchy=hybrid)"}
- {"dt": "2020-09-29T10:58:00.323466", "lvl": "target", "msg": "[    2.770895] systemd[1]: Detected virtualization qemu."}
- {"dt": "2020-09-29T10:58:00.328997", "lvl": "target", "msg": "[    2.772863] systemd[1]: Detected architecture arm64."}
- {"dt": "2020-09-29T10:58:00.347716", "lvl": "target", "msg": ""}
- {"dt": "2020-09-29T10:58:00.353454", "lvl": "target", "msg": "Welcome to [1mLinux-Kernel-Functional-Testing 2.5+linaro[0m!"}
- {"dt": "2020-09-29T10:58:00.354840", "lvl": "target", "msg": ""}
- {"dt": "2020-09-29T10:58:00.356000", "lvl": "target", "msg": "[    2.802867] systemd[1]: Set hostname to <juno>."}
- {"dt": "2020-09-29T10:58:00.361467", "lvl": "target", "msg": "[    2.807881] random: systemd: uninitialized urandom read (16 bytes read)"}
- {"dt": "2020-09-29T10:58:00.362801", "lvl": "target", "msg": "[    2.810718] systemd[1]: Initializing machine ID from random generator."}
- {"dt": "2020-09-29T10:58:00.455250", "lvl": "target", "msg": "[    2.895696] systemd[1]: File /lib/systemd/system/systemd-journald.service:35 configures an IP firewall (IPAddressDeny=any), but the local system does not support BPF/cgroup based firewalling."}
- {"dt": "2020-09-29T10:58:00.461502", "lvl": "target", "msg": "[    2.903048] systemd[1]: Proceeding WITHOUT firewalling in effect! (This warning is only shown for the first loaded unit using IP firewalling.)"}
- {"dt": "2020-09-29T10:58:00.626633", "lvl": "target", "msg": "[    3.072697] random: systemd: uninitialized urandom read (16 bytes read)"}
- {"dt": "2020-09-29T10:58:00.632429", "lvl": "target", "msg": "[    3.078655] systemd[1]: Created slice System Slice."}
- {"dt": "2020-09-29T10:58:00.633731", "lvl": "target", "msg": "[[0;32m  OK  [0m] Created slice System Slice."}
- {"dt": "2020-09-29T10:58:00.639457", "lvl": "target", "msg": "[    3.083557] random: systemd: uninitialized urandom read (16 bytes read)"}
- {"dt": "2020-09-29T10:58:00.640768", "lvl": "target", "msg": "[    3.086431] systemd[1]: Reached target Swap."}
- {"dt": "2020-09-29T10:58:00.641925", "lvl": "target", "msg": "[[0;32m  OK  [0m] Reached target Swap."}
- {"dt": "2020-09-29T10:58:00.647592", "lvl": "target", "msg": "[    3.090914] systemd[1]: Listening on /dev/initctl Compatibility Named Pipe."}
- {"dt": "2020-09-29T10:58:00.648900", "lvl": "target", "msg": "[[0;32m  OK  [0m] Listening on /dev/initctl Compatibility Named Pipe."}
- {"dt": "2020-09-29T10:58:00.654685", "lvl": "target", "msg": "[[0;32m  OK  [0m] Started Dispatch Password Requests to Console Directory Watch."}
- {"dt": "2020-09-29T10:58:00.656022", "lvl": "target", "msg": "[[0;32m  OK  [0m] Listening on Journal Socket."}
- {"dt": "2020-09-29T10:58:00.661606", "lvl": "target", "msg": "         Mounting Kernel Debug File System..."}
- {"dt": "2020-09-29T10:58:00.667646", "lvl": "target", "msg": "[[0;32m  OK  [0m] Created slice system-getty.slice."}
- {"dt": "2020-09-29T10:58:00.673759", "lvl": "target", "msg": "[[0;32m  OK  [0m] Listening on udev Control Socket."}
- {"dt": "2020-09-29T10:58:00.680146", "lvl": "target", "msg": "         Starting Load Kernel Modules..."}
- {"dt": "2020-09-29T10:58:00.686309", "lvl": "target", "msg": "         Starting Remount Root and Kernel File Systems..."}
- {"dt": "2020-09-29T10:58:00.692694", "lvl": "target", "msg": "[[0;32m  OK  [0m] Created slice system-serial\\x2dgetty.slice."}
- {"dt": "2020-09-29T10:58:00.699009", "lvl": "target", "msg": "[[0;32m  OK  [0m] Listening on Journal Audit Socket."}
- {"dt": "2020-09-29T10:58:00.709707", "lvl": "target", "msg": "         Mounting Huge Pages File System..."}
- {"dt": "2020-09-29T10:58:00.720419", "lvl": "target", "msg": "         Mounting Temporary Directory (/tmp)..."}
- {"dt": "2020-09-29T10:58:00.721854", "lvl": "target", "msg": "[    3.168227] EXT4-fs (vda): re-mounted. Opts: (null)"}
- {"dt": "2020-09-29T10:58:00.728085", "lvl": "target", "msg": "[[0;32m  OK  [0m] Listening on udev Kernel Socket."}
- {"dt": "2020-09-29T10:58:00.729521", "lvl": "target", "msg": "[    3.176980] fuse: init (API version 7.31)"}
- {"dt": "2020-09-29T10:58:00.735805", "lvl": "target", "msg": "         Starting udev Coldplug all Devices..."}
- {"dt": "2020-09-29T10:58:00.737206", "lvl": "target", "msg": "[[0;32m  OK  [0m] Listening on Syslog Socket."}
- {"dt": "2020-09-29T10:58:00.743200", "lvl": "target", "msg": "[[0;32m  OK  [0m] Created slice User and Session Slice."}
- {"dt": "2020-09-29T10:58:00.749381", "lvl": "target", "msg": "[[0;32m  OK  [0m] Started Forward Password Requests to Wall Directory Watch."}
- {"dt": "2020-09-29T10:58:00.755560", "lvl": "target", "msg": "         Mounting POSIX Message Queue File System..."}
- {"dt": "2020-09-29T10:58:00.756948", "lvl": "target", "msg": "[[0;32m  OK  [0m] Listening on Journal Socket (/dev/log)."}
- {"dt": "2020-09-29T10:58:00.763004", "lvl": "target", "msg": "         Starting Journal Service..."}
- {"dt": "2020-09-29T10:58:00.769145", "lvl": "target", "msg": "[[0;32m  OK  [0m] Reached target Paths."}
- {"dt": "2020-09-29T10:58:00.775325", "lvl": "target", "msg": "         Starting Create list of required st\u2026ce nodes for the current kernel..."}
- {"dt": "2020-09-29T10:58:00.781544", "lvl": "target", "msg": "[[0;32m  OK  [0m] Reached target Remote File Systems."}
- {"dt": "2020-09-29T10:58:00.787792", "lvl": "target", "msg": "[[0;32m  OK  [0m] Listening on Network Service Netlink Socket."}
- {"dt": "2020-09-29T10:58:00.789156", "lvl": "target", "msg": "[[0;32m  OK  [0m] Reached target Slices."}
- {"dt": "2020-09-29T10:58:00.795142", "lvl": "target", "msg": "[[0;32m  OK  [0m] Mounted Kernel Debug File System."}
- {"dt": "2020-09-29T10:58:00.801393", "lvl": "target", "msg": "[[0;32m  OK  [0m] Started Load Kernel Modules."}
- {"dt": "2020-09-29T10:58:00.807630", "lvl": "target", "msg": "[[0;32m  OK  [0m] Started Remount Root and Kernel File Systems."}
- {"dt": "2020-09-29T10:58:00.813963", "lvl": "target", "msg": "[[0;32m  OK  [0m] Mounted Huge Pages File System."}
- {"dt": "2020-09-29T10:58:00.815306", "lvl": "target", "msg": "[[0;32m  OK  [0m] Mounted Temporary Directory (/tmp)."}
- {"dt": "2020-09-29T10:58:00.821329", "lvl": "target", "msg": "[[0;32m  OK  [0m] Mounted POSIX Message Queue File System."}
- {"dt": "2020-09-29T10:58:00.827615", "lvl": "target", "msg": "[[0;32m  OK  [0m] Started Create list of required sta\u2026vice nodes for the current kernel."}
- {"dt": "2020-09-29T10:58:00.833849", "lvl": "target", "msg": "         Starting Rebuild Hardware Database..."}
- {"dt": "2020-09-29T10:58:00.844908", "lvl": "target", "msg": "         Starting Create System Users..."}
- {"dt": "2020-09-29T10:58:00.865734", "lvl": "target", "msg": "         Starting Apply Kernel Variables..."}
- {"dt": "2020-09-29T10:58:00.876989", "lvl": "target", "msg": "         Mounting FUSE Control File System..."}
- {"dt": "2020-09-29T10:58:00.896937", "lvl": "target", "msg": "         Mounting Kernel Configuration File System..."}
- {"dt": "2020-09-29T10:58:00.903314", "lvl": "target", "msg": "[[0;32m  OK  [0m] Started Journal Service."}
- {"dt": "2020-09-29T10:58:00.922184", "lvl": "target", "msg": "[[0;32m  OK  [0m] Mounted FUSE Control File System."}
- {"dt": "2020-09-29T10:58:00.933368", "lvl": "target", "msg": "[[0;32m  OK  [0m] Started Apply Kernel Variables."}
- {"dt": "2020-09-29T10:58:00.939815", "lvl": "target", "msg": "[[0;32m  OK  [0m] Mounted Kernel Configuration File System."}
- {"dt": "2020-09-29T10:58:00.946010", "lvl": "target", "msg": "[[0;32m  OK  [0m] Started Create System Users."}
- {"dt": "2020-09-29T10:58:00.963458", "lvl": "target", "msg": "         Starting Create Static Device Nodes in /dev..."}
- {"dt": "2020-09-29T10:58:00.976517", "lvl": "target", "msg": "         Starting Flush Journal to Persistent Storage..."}
- {"dt": "2020-09-29T10:58:01.000849", "lvl": "target", "msg": "[    3.447327] systemd-journald[291]: Received request to flush runtime journal from PID 1"}
- {"dt": "2020-09-29T10:58:01.007347", "lvl": "target", "msg": "[[0;1;31mFAILED[0m] Failed to start Create Static Device Nodes in /dev."}
- {"dt": "2020-09-29T10:58:01.013677", "lvl": "target", "msg": "See 'systemctl status systemd-tmpfiles-setup-dev.service' for details."}
- {"dt": "2020-09-29T10:58:01.019957", "lvl": "target", "msg": "[[0;32m  OK  [0m] Started Flush Journal to Persistent Storage."}
- {"dt": "2020-09-29T10:58:01.026216", "lvl": "target", "msg": "[[0;32m  OK  [0m] Reached target Local File Systems (Pre)."}
- {"dt": "2020-09-29T10:58:01.032573", "lvl": "target", "msg": "         Mounting /var/volatile..."}
- {"dt": "2020-09-29T10:58:01.039022", "lvl": "target", "msg": "[[0;32m  OK  [0m] Reached target Containers."}
- {"dt": "2020-09-29T10:58:01.050484", "lvl": "target", "msg": "[[0;32m  OK  [0m] Mounted /var/volatile."}
- {"dt": "2020-09-29T10:58:01.062047", "lvl": "target", "msg": "         Starting Load/Save Random Seed..."}
- {"dt": "2020-09-29T10:58:01.063476", "lvl": "target", "msg": "[[0;32m  OK  [0m] Reached target Local File Systems."}
- {"dt": "2020-09-29T10:58:01.074746", "lvl": "target", "msg": "         Starting Rebuild Journal Catalog..."}
- {"dt": "2020-09-29T10:58:01.086374", "lvl": "target", "msg": "         Starting Rebuild Dynamic Linker Cache..."}
- {"dt": "2020-09-29T10:58:01.098113", "lvl": "target", "msg": "         Starting Create Volatile Files and Directories..."}
- {"dt": "2020-09-29T10:58:01.104569", "lvl": "target", "msg": "[[0;32m  OK  [0m] Started Load/Save Random Seed."}
- {"dt": "2020-09-29T10:58:01.138649", "lvl": "target", "msg": "[[0;32m  OK  [0m] Started Rebuild Journal Catalog."}
- {"dt": "2020-09-29T10:58:01.150341", "lvl": "target", "msg": "[[0;1;31mFAILED[0m] Failed to start Create Volatile Files and Directories."}
- {"dt": "2020-09-29T10:58:01.151742", "lvl": "target", "msg": "See 'systemctl status systemd-tmpfiles-setup.service' for details."}
- {"dt": "2020-09-29T10:58:01.166068", "lvl": "target", "msg": "         Starting Opkg first boot configure..."}
- {"dt": "2020-09-29T10:58:01.177832", "lvl": "target", "msg": "         Starting Update UTMP about System Boot/Shutdown..."}
- {"dt": "2020-09-29T10:58:01.189503", "lvl": "target", "msg": "[[0;1;31mFAILED[0m[    3.637587] random: fast init done"}
- {"dt": "2020-09-29T10:58:01.196063", "lvl": "target", "msg": "] Failed to start Network Time Synchronization."}
- {"dt": "2020-09-29T10:58:01.197364", "lvl": "target", "msg": "See 'systemctl status systemd-timesyncd.service' for details."}
- {"dt": "2020-09-29T10:58:01.203716", "lvl": "target", "msg": "[[0;32m  OK  [0m] Reached target System Time Synchronized."}
- {"dt": "2020-09-29T10:58:01.210232", "lvl": "target", "msg": "         Starting Run pending postinsts..."}
- {"dt": "2020-09-29T10:58:01.237090", "lvl": "target", "msg": "[[0;32m  OK  [0m] Stopped Network Time Synchronization."}
- {"dt": "2020-09-29T10:58:01.254468", "lvl": "target", "msg": "[[0;1;31mFAILED[0m] Failed to start Network Time Synchronization."}
- {"dt": "2020-09-29T10:58:01.261255", "lvl": "target", "msg": "See 'systemctl status systemd-timesyncd.service' for details."}
- {"dt": "2020-09-29T10:58:01.268299", "lvl": "target", "msg": "[[0;32m  OK  [0m] Started Update UTMP about System Boot/Shutdown."}
- {"dt": "2020-09-29T10:58:01.300877", "lvl": "target", "msg": "[[0;32m  OK  [0m] Started Opkg first boot configure."}
- {"dt": "2020-09-29T10:58:01.331507", "lvl": "target", "msg": "[[0;32m  OK  [0m] Stopped Network Time Synchronization."}
- {"dt": "2020-09-29T10:58:01.344148", "lvl": "target", "msg": "[[0;1;31mFAILED[0m] Failed to start Network Time Synchronization."}
- {"dt": "2020-09-29T10:58:01.351079", "lvl": "target", "msg": "See 'systemctl status systemd-timesyncd.service' for details."}
- {"dt": "2020-09-29T10:58:01.357856", "lvl": "target", "msg": "[[0;32m  OK  [0m] Started Run pending postinsts."}
- {"dt": "2020-09-29T10:58:01.364719", "lvl": "target", "msg": "[[0;32m  OK  [0m] Stopped Network Time Synchronization."}
- {"dt": "2020-09-29T10:58:01.377454", "lvl": "target", "msg": "[[0;1;31mFAILED[0m] Failed to start Network Time Synchronization."}
- {"dt": "2020-09-29T10:58:01.378999", "lvl": "target", "msg": "See 'systemctl status systemd-timesyncd.service' for details."}
- {"dt": "2020-09-29T10:58:01.385686", "lvl": "target", "msg": "[[0;32m  OK  [0m] Stopped Network Time Synchronization."}
- {"dt": "2020-09-29T10:58:01.397958", "lvl": "target", "msg": "[[0;1;31mFAILED[0m] Failed to start Network Time Synchronization."}
- {"dt": "2020-09-29T10:58:01.399401", "lvl": "target", "msg": "See 'systemctl status systemd-timesyncd.service' for details."}
- {"dt": "2020-09-29T10:58:01.406076", "lvl": "target", "msg": "[[0;32m  OK  [0m] Stopped Network Time Synchronization."}
- {"dt": "2020-09-29T10:58:01.407488", "lvl": "target", "msg": "[[0;1;31mFAILED[0m] Failed to start Network Time Synchronization."}
- {"dt": "2020-09-29T10:58:01.414168", "lvl": "target", "msg": "See 'systemctl status systemd-timesyncd.service' for details."}
- {"dt": "2020-09-29T10:58:01.500273", "lvl": "target", "msg": "[[0;32m  OK  [0m] Started Rebuild Dynamic Linker Cache."}
- {"dt": "2020-09-29T10:58:01.515352", "lvl": "target", "msg": "[[0;32m  OK  [0m] Started udev Coldplug all Devices."}
- {"dt": "2020-09-29T10:58:02.406228", "lvl": "target", "msg": "[[0;32m  OK  [0m] Started Rebuild Hardware Database."}
- {"dt": "2020-09-29T10:58:02.412969", "lvl": "target", "msg": "         Starting udev Kernel Device Manager..."}
- {"dt": "2020-09-29T10:58:02.419629", "lvl": "target", "msg": "         Starting Update is Completed..."}
- {"dt": "2020-09-29T10:58:02.439137", "lvl": "target", "msg": "[[0;32m  OK  [0m] Started Update is Completed."}
- {"dt": "2020-09-29T10:58:02.462804", "lvl": "target", "msg": "[[0;32m  OK  [0m] Started udev Kernel Device Manager."}
- {"dt": "2020-09-29T10:58:02.475643", "lvl": "target", "msg": "         Starting Network Service..."}
- {"dt": "2020-09-29T10:58:02.476968", "lvl": "target", "msg": "[[0;32m  OK  [0m] Reached target System Initialization."}
- {"dt": "2020-09-29T10:58:02.483809", "lvl": "target", "msg": "[[0;32m  OK  [0m] Listening on RPCbind Server Activation Socket."}
- {"dt": "2020-09-29T10:58:02.485114", "lvl": "target", "msg": "[[0;32m  OK  [0m] Listening on Avahi mDNS/DNS-SD Stack Activation Socket."}
- {"dt": "2020-09-29T10:58:02.491820", "lvl": "target", "msg": "[[0;32m  OK  [0m] Listening on D-Bus System Message Bus Socket."}
- {"dt": "2020-09-29T10:58:02.498622", "lvl": "target", "msg": "[[0;32m  OK  [0m] Started Daily rotation of log files."}
- {"dt": "2020-09-29T10:58:02.499864", "lvl": "target", "msg": "[[0;32m  OK  [0m] Started Daily Cleanup of Temporary Directories."}
- {"dt": "2020-09-29T10:58:02.506460", "lvl": "target", "msg": "[[0;32m  OK  [0m] Reached target Timers."}
- {"dt": "2020-09-29T10:58:02.513346", "lvl": "target", "msg": "         Starting sshd.socket."}
- {"dt": "2020-09-29T10:58:02.536863", "lvl": "target", "msg": "[[0;32m  OK  [0m] Listening on sshd.socket."}
- {"dt": "2020-09-29T10:58:02.543740", "lvl": "target", "msg": "[[0;32m  OK  [0m] Started Network Service."}
- {"dt": "2020-09-29T10:58:02.555915", "lvl": "target", "msg": "[[0;1;31mFAILED[0m] Failed to start Network Name Resolution."}
- {"dt": "2020-09-29T10:58:02.557261", "lvl": "target", "msg": "See 'systemctl status systemd-resolved.service' for details."}
- {"dt": "2020-09-29T10:58:02.563957", "lvl": "target", "msg": "[[0;32m  OK  [0m] Reached target Host and Network Name Lookups."}
- {"dt": "2020-09-29T10:58:02.565244", "lvl": "target", "msg": "[[0;32m  OK  [0m] Reached target Sockets."}
- {"dt": "2020-09-29T10:58:02.571967", "lvl": "target", "msg": "[[0;32m  OK  [0m] Reached target Basic System."}
- {"dt": "2020-09-29T10:58:02.578928", "lvl": "target", "msg": "[[0;32m  OK  [0m] Started Kernel Logging Service."}
- {"dt": "2020-09-29T10:58:02.597358", "lvl": "target", "msg": "         Starting Avahi mDNS/DNS-SD Stack..."}
- {"dt": "2020-09-29T10:58:02.612279", "lvl": "target", "msg": "         Starting Login Service..."}
- {"dt": "2020-09-29T10:58:02.619343", "lvl": "target", "msg": "[[0;32m  OK  [0m] Started D-Bus System Message Bus."}
- {"dt": "2020-09-29T10:58:02.698728", "lvl": "target", "msg": "[[0;32m  OK  [0m] Started Periodic Command Scheduler."}
- {"dt": "2020-09-29T10:58:02.711270", "lvl": "target", "msg": "         Starting Entropy Daemon based on the HAVEGE algorithm..."}
- {"dt": "2020-09-29T10:58:02.725535", "lvl": "target", "msg": "         Starting Resize root filesystem to fit available disk space..."}
- {"dt": "2020-09-29T10:58:02.741253", "lvl": "target", "msg": "[[0;32m  OK  [0m] Started System Logging Service."}
- {"dt": "2020-09-29T10:58:02.758002", "lvl": "target", "msg": "[[0;32m  OK  [0m] Started TEE Supplicant."}
- {"dt": "2020-09-29T10:58:02.765077", "lvl": "target", "msg": "         Starting Network Manager..."}
- {"dt": "2020-09-29T10:58:02.786165", "lvl": "target", "msg": "[[0;32m  OK  [0m] Started Login Service."}
- {"dt": "2020-09-29T10:58:02.793390", "lvl": "target", "msg": "[[0;32m  OK  [0m] Started Avahi mDNS/DNS-SD Stack."}
- {"dt": "2020-09-29T10:58:02.800489", "lvl": "target", "msg": "[[0;32m  OK  [0m] Stopped Network Name Resolution."}
- {"dt": "2020-09-29T10:58:02.807530", "lvl": "target", "msg": "[[0;1;31mFAILED[0m] Failed to start Network Name Resolution."}
- {"dt": "2020-09-29T10:58:02.814567", "lvl": "target", "msg": "See 'systemctl status systemd-resolved.service' for details."}
- {"dt": "2020-09-29T10:58:02.815903", "lvl": "target", "msg": "[[0;32m  OK  [0m] Stopped Network Name Resolution."}
- {"dt": "2020-09-29T10:58:02.829331", "lvl": "target", "msg": "[[0;1;31mFAILED[0m] Failed to start Network Name Resolution."}
- {"dt": "2020-09-29T10:58:02.836644", "lvl": "target", "msg": "See 'systemctl status systemd-resolved.service' for details."}
- {"dt": "2020-09-29T10:58:02.843806", "lvl": "target", "msg": "[[0;32m  OK  [0m] Stopped Network Name Resolution."}
- {"dt": "2020-09-29T10:58:02.857364", "lvl": "target", "msg": "[[0;1;31mFAILED[0m] Failed to start Network Name Resolution."}
- {"dt": "2020-09-29T10:58:02.864542", "lvl": "target", "msg": "See 'systemctl status systemd-resolved.service' for details."}
- {"dt": "2020-09-29T10:58:02.871571", "lvl": "target", "msg": "[[0;32m  OK  [0m] Stopped Network Name Resolution."}
- {"dt": "2020-09-29T10:58:02.884840", "lvl": "target", "msg": "[[0;1;31mFAILED[0m] Failed to start Network Name Resolution."}
- {"dt": "2020-09-29T10:58:02.891932", "lvl": "target", "msg": "See 'systemctl status systemd-resolved.service' for details."}
- {"dt": "2020-09-29T10:58:02.898950", "lvl": "target", "msg": "[[0;32m  OK  [0m] Stopped Network Name Resolution."}
- {"dt": "2020-09-29T10:58:02.900229", "lvl": "target", "msg": "[[0;1;31mFAILED[0m] Failed to start Network Name Resolution."}
- {"dt": "2020-09-29T10:58:02.907046", "lvl": "target", "msg": "See 'systemctl status systemd-resolved.service' for details."}
- {"dt": "2020-09-29T10:58:02.951845", "lvl": "target", "msg": "Sep 29 10:58:02 juno daemon.info dbus-daemon[345]: [system] Activating via systemd: service name='org.freedesktop.hostname1' unit='dbus-org.freedesktop.hostname1.service' requested by ':1.4' (uid=0 pid=352 comm=\\\"/usr/sbin/NetworkManager --no-daemon \\\")"}
- {"dt": "2020-09-29T10:58:02.959002", "lvl": "target", "msg": "[[0;1;31mFAILED[0m] Failed to start Hostname Service."}
- {"dt": "2020-09-29T10:58:02.960272", "lvl": "target", "msg": "See 'systemctl status systemd-hostnamed.service' for details."}
- {"dt": "2020-09-29T10:58:03.155028", "lvl": "target", "msg": "[[0;32m  OK  [0m] Found device /dev/ttyAMA0."}
- {"dt": "2020-09-29T10:58:03.175456", "lvl": "target", "msg": "[    5.620949] virtio_net virtio0 enp0s1: renamed from eth0"}
- {"dt": "2020-09-29T10:58:03.766450", "lvl": "target", "msg": "[    6.210921] random: crng init done"}
- {"dt": "2020-09-29T10:58:03.767836", "lvl": "target", "msg": "[    6.212403] random: 7 urandom warning(s) missed due to ratelimiting"}
- {"dt": "2020-09-29T10:58:04.000256", "lvl": "target", "msg": "[[0;32m  OK  [0m] Started Resize root filesystem to fit available disk space."}
- {"dt": "2020-09-29T10:58:27.967136", "lvl": "target", "msg": "[[0m[0;31m*     [0m] (1 of 2) A start job is running for\u2026e HAVEGE algorithm (8s / 1min 32s)[K[[0;1;31m*[0m[0;31m*    [0m] (1 of 2) A start job is running for\u2026e HAVEGE algorithm (8s / 1min 32s)[K[[0;31m*[0;1;31m*[0m[0;31m*   [0m] (1 of 2) A start job is running for\u2026e HAVEGE algorithm (9s / 1min 32s)[K[ [0;31m*[0;1;31m*[0m[0;31m*  [0m] (2 of 2) A start job is running for Network Manager (9s / 1min 32s)[K[  [0;31m*[0;1;31m*[0m[0;31m* [0m] (2 of 2) A start job is running for Network Manager (10s / 1min 32s)[K[   [0;31m*[0;1;31m*[0m[0;31m*[0m] (2 of 2) A start job is running for Network Manager (10s / 1min 32s)[K[    [0;31m*[0;1;31m*[0m] (1 of 2) A start job is running for\u2026 HAVEGE algorithm (11s / 1min 32s)[K[     [0;31m*[0m] (1 of 2) A start job is running for\u2026 HAVEGE algorithm (11s / 1min 32s)[K[    [0;31m*[0;1;31m*[0m] (1 of 2) A start job is running for\u2026 HAVEGE algorithm (12s / 1min 32s)[K[   [0;31m*[0;1;31m*[0m[0;31m*[0m] (2 of 2) A start job is running for Network Manager (12s / 1min 32s)[K[  [0;31m*[0;1;31m*[0m[0;31m* [0m] (2 of 2) A start job is running for Network Manager (13s / 1min 32s)[K[ [0;31m*[0;1;31m*[0m[0;31m*  [0m] (2 of 2) A start job is running for Network Manager (13s / 1min 32s)[K[[0;31m*[0;1;31m*[0m[0;31m*   [0m] (1 of 2) A start job is running for\u2026 HAVEGE algorithm (14s / 1min 32s)[K[[0;1;31m*[0m[0;31m*    [0m] (1 of 2) A start job is running for\u2026 HAVEGE algorithm (14s / 1min 32s)[K[[0m[0;31m*     [0m] (1 of 2) A start job is running for\u2026 HAVEGE algorithm (15s / 1min 32s)[K[[0;1;31m*[0m[0;31m*    [0m] (2 of 2) A start job is running for Network Manager (15s / 1min 32s)[K[[0;31m*[0;1;31m*[0m[0;31m*   [0m] (2 of 2) A start job is running for Network Manager (16s / 1min 32s)[K[ [0;31m*[0;1;31m*[0m[0;31m*  [0m] (2 of 2) A start job is running for Network Manager (16s / 1min 32s)[K[  [0;31m*[0;1;31m*[0m[0;31m* [0m] (1 of 2) A start job is running for\u2026 HAVEGE algorithm (17s / 1min 32s)[K[   [0;31m*[0;1;31m*[0m[0;31m*[0m] (1 of 2) A start job is running for\u2026 HAVEGE algorithm (17s / 1min 32s)[K[    [0;31m*[0;1;31m*[0m] (1 of 2) A start job is running for\u2026 HAVEGE algorithm (18s / 1min 32s)[K[     [0;31m*[0m] (2 of 2) A start job is running for Network Manager (18s / 1min 32s)[K[    [0;31m*[0;1;31m*[0m] (2 of 2) A start job is running for Network Manager (19s / 1min 32s)[K[   [0;31m*[0;1;31m*[0m[0;31m*[0m] (2 of 2) A start job is running for Network Manager (19s / 1min 32s)[K[  [0;31m*[0;1;31m*[0m[0;31m* [0m] (1 of 2) A start job is running for\u2026 HAVEGE algorithm (20s / 1min 32s)[K[ [0;31m*[0;1;31m*[0m[0;31m*  [0m] (1 of 2) A start job is running for\u2026 HAVEGE algorithm (20s / 1min 32s)[K[[0;31m*[0;1;31m*[0m[0;31m*   [0m] (1 of 2) A start job is running for\u2026 HAVEGE algorithm (21s / 1min 32s)[K[[0;1;31m*[0m[0;31m*    [0m] (2 of 2) A start job is running for Network Manager (21s / 1min 32s)[K[[0m[0;31m*     [0m] (2 of 2) A start job is running for Network Manager (22s / 1min 32s)[K[[0;1;31m*[0m[0;31m*    [0m] (2 of 2) A start job is running for Network Manager (22s / 1min 32s)[K[[0;31m*[0;1;31m*[0m[0;31m*   [0m] (1 of 2) A start job is running for\u2026 HAVEGE algorithm (23s / 1min 32s)[K[ [0;31m*[0;1;31m*[0m[0;31m*  [0m] (1 of 2) A start job is running for\u2026 HAVEGE algorithm (23s / 1min 32s)[K[  [0;31m*[0;1;31m*[0m[0;31m* [0m] (1 of 2) A start job is running for\u2026 HAVEGE algorithm (24s / 1min 32s)[K[   [0;31m*[0;1;31m*[0m[0;31m*[0m] (2 of 2) A start job is running for Network Manager (24s / 1min 32s)[K[    [0;31m*[0;1;31m*[0m] (2 of 2) A start job is running for Network Manager (25s / 1min 32s)[K[     [0;31m*[0m] (2 of 2) A start job is running for Network Manager (25s / 1min 32s)[K[    [0;31m*[0;1;31m*[0m] (1 of 2) A start job is running for\u2026 HAVEGE algorithm (26s / 1min 32s)[K[   [0;31m*[0;1;31m*[0m[0;31m*[0m] (1 of 2) A start job is running for\u2026 HAVEGE algorithm (26s / 1min 32s)Sep 29 10:58:27 juno auth.notice dbus-daemon[345]: [system] Failed to activate service 'org.freedesktop.hostname1': timed out (service_start_timeout=25000ms)"}
- {"dt": "2020-09-29T10:58:27.983325", "lvl": "target", "msg": "[K[[0;32m  OK  [0m] Started Network Manager."}
- {"dt": "2020-09-29T10:58:27.984573", "lvl": "target", "msg": "[[0;32m  OK  [0m] Reached target Network."}
- {"dt": "2020-09-29T10:58:27.999008", "lvl": "target", "msg": "Sep 29 10:58:27 juno daemon.info dbus-daemon[345]: [system] Activating via systemd: service name='org.freedesktop.nm_dispatcher' unit='dbus-org.freedesktop.nm-dispatcher.service' requested by ':1.4' (uid=0 pid=352 comm=\\\"/usr/sbin/NetworkManager --no-daemon \\\")"}
- {"dt": "2020-09-29T10:58:28.000438", "lvl": "target", "msg": "         Starting DNS forwarder and DHCP server..."}
- {"dt": "2020-09-29T10:58:28.008128", "lvl": "target", "msg": "         Starting Permit User Sessions..."}
- {"dt": "2020-09-29T10:58:28.029232", "lvl": "target", "msg": "Sep 29 10:58:27 juno daemon.crit dnsmasq[390]: directory /etc/resolv.conf for resolv-file is missing, cannot poll"}
- {"dt": "2020-09-29T10:58:28.030657", "lvl": "target", "msg": "[[0;32m  OK  [0m] Started Permit User Sessions."}
- {"dt": "2020-09-29T10:58:28.038452", "lvl": "target", "msg": "[[0;1;31mFAILED[0m] Failed to start DNS forwarder and DHCP server."}
- {"dt": "2020-09-29T10:58:28.046498", "lvl": "target", "msg": "See 'systemctl status dnsmasq.service' for details."}
- {"dt": "2020-09-29T10:58:28.054693", "lvl": "target", "msg": "[[0;32m  OK  [0m] Started Getty on tty1."}
- {"dt": "2020-09-29T10:58:28.063001", "lvl": "target", "msg": "[[0;32m  OK  [0m] Started Serial Getty on ttyAMA0."}
- {"dt": "2020-09-29T10:58:28.064406", "lvl": "target", "msg": "[[0;32m  OK  [0m] Reached target Login Prompts."}
- {"dt": "2020-09-29T10:58:28.072372", "lvl": "target", "msg": "         Starting Network Manager Script Dispatcher Service..."}
- {"dt": "2020-09-29T10:58:28.116928", "lvl": "target", "msg": "Sep 29 10:58:27 juno daemon.info dbus-daemon[345]: [system] Successfully activated service 'org.freedesktop.nm_dispatcher'"}
- {"dt": "2020-09-29T10:58:28.125226", "lvl": "target", "msg": "[[0;32m  OK  [0m] Started Network Manager Script Dispatcher Service."}
- {"dt": "2020-09-29T10:58:28.147777", "lvl": "target", "msg": "Sep 29 10:58:27 juno daemon.info nm-dispatcher: req:1 'hostname': new request (0 scripts)"}
- {"dt": "2020-09-29T10:58:28.156084", "lvl": "target", "msg": "Sep 29 10:58:27 juno daemon.info nm-dispatcher: req:1 'hostname': completed: no scripts"}
- {"dt": "2020-09-29T10:58:28.198165", "lvl": "target", "msg": "Sep 29 10:58:27 juno daemon.info dbus-daemon[345]: [system] Activating via systemd: service name='org.freedesktop.PolicyKit1' unit='polkit.service' requested by ':1.4' (uid=0 pid=352 comm=\\\"/usr/sbin/NetworkManager --no-daemon \\\")"}
- {"dt": "2020-09-29T10:58:28.207015", "lvl": "target", "msg": "         Starting Authorization Manager..."}
- {"dt": "2020-09-29T10:58:28.250913", "lvl": "target", "msg": "Sep 29 10:58:27 juno daemon.info polkitd[397]: Started polkitd version 0.113"}
- {"dt": "2020-09-29T10:58:28.305132", "lvl": "target", "msg": "Sep 29 10:58:27 juno authpriv.notice polkitd[397]: Loading rules from directory /etc/polkit-1/rules.d"}
- {"dt": "2020-09-29T10:58:28.313561", "lvl": "target", "msg": "Sep 29 10:58:27 juno authpriv.notice polkitd[397]: Loading rules from directory /usr/share/polkit-1/rules.d"}
- {"dt": "2020-09-29T10:58:28.315000", "lvl": "target", "msg": "[[0;32m  OK  [0m] Started Authorization Manager."}
- {"dt": "2020-09-29T10:58:28.361014", "lvl": "target", "msg": "Sep 29 10:58:28 juno daemon.info dhclient: DHCPDISCOVER on enp0s1 to 255.255.255.255 port 67 interval 4"}
- {"dt": "2020-09-29T10:58:32.968348", "lvl": "target", "msg": "Sep 29 10:58:32 juno daemon.info dhclient: DHCPDISCOVER on enp0s1 to 255.255.255.255 port 67 interval 5"}
- {"dt": "2020-09-29T10:58:34.068587", "lvl": "target", "msg": ""}
- {"dt": "2020-09-29T10:58:34.078053", "lvl": "target", "msg": "Linux-Kernel-Functional-Testing 2.5+linaro juno ttyAMA0"}
- {"dt": "2020-09-29T10:58:34.079285", "lvl": "target", "msg": ""}
- {"dt": "2020-09-29T10:58:34.087577", "lvl": "debug", "msg": "Matched prompt #5: login:"}
- {"dt": "2020-09-29T10:58:34.088903", "lvl": "results", "msg": {"case": "kernel-messages", "definition": "lava", "duration": "36.28", "extra": {"extra": [{"success": "login:"}]}, "level": "2.2.1", "namespace": "common", "result": "pass"}}
- {"dt": "2020-09-29T10:58:34.091292", "lvl": "debug", "msg": "Sending username root"}
- {"dt": "2020-09-29T10:58:34.092363", "lvl": "input", "msg": "root\n"}
- {"dt": "2020-09-29T10:58:34.194506", "lvl": "target", "msg": "juno login: root"}
- {"dt": "2020-09-29T10:58:34.196070", "lvl": "debug", "msg": "Setting prompt string to ['root@(.*):[/~]#']"}
- {"dt": "2020-09-29T10:58:34.197233", "lvl": "info", "msg": "Waiting for password prompt"}
- {"dt": "2020-09-29T10:58:34.198516", "lvl": "debug", "msg": "login-action: Wait for prompt ['root@(.*):[/~]#', '', 'Login timed out'] (timeout 00:09:22)"}
- {"dt": "2020-09-29T10:58:34.200808", "lvl": "debug", "msg": "Matched prompt #1: "}
- {"dt": "2020-09-29T10:58:34.202038", "lvl": "debug", "msg": "Sending password "}
- {"dt": "2020-09-29T10:58:34.203163", "lvl": "input", "msg": "\n"}
- {"dt": "2020-09-29T10:58:34.254797", "lvl": "target", "msg": ""}
- {"dt": "2020-09-29T10:58:34.256332", "lvl": "debug", "msg": "Setting prompt string to ['root@(.*):[/~]#']"}
- {"dt": "2020-09-29T10:58:34.257430", "lvl": "debug", "msg": "login-action: Wait for prompt ['root@(.*):[/~]#', 'Login incorrect', 'Login timed out'] (timeout 00:09:22)"}
- {"dt": "2020-09-29T10:58:34.259150", "lvl": "target", "msg": "root"}
- {"dt": "2020-09-29T10:58:34.260227", "lvl": "target", "msg": "Sep 29 10:58:33 juno authpriv.err login[392]: pam_lastlog(login:session): unable to create /var/log/lastlog: No such file or directory"}
- {"dt": "2020-09-29T10:58:34.261233", "lvl": "target", "msg": "Sep 29 10:58:33 juno authpriv.info login[392]: pam_unix(login:session): session opened for user root by (uid=0)"}
- {"dt": "2020-09-29T10:58:34.262308", "lvl": "target", "msg": ""}
- {"dt": "2020-09-29T10:58:34.315793", "lvl": "target", "msg": "[   36.758838] audit: type=1006 audit(1601377113.992:2): pid=413 uid=0 old-auid=4294967295 auid=0 tty=(none) old-ses=4294967295 ses=1 res=1"}
- {"dt": "2020-09-29T10:58:34.417979", "lvl": "target", "msg": "Sep 29 10:58:34 juno authpriv.notice login[418]: ROOT LOGIN  on '/dev/ttyAMA0'"}
- {"dt": "2020-09-29T10:58:34.451153", "lvl": "debug", "msg": "Setting prompt string to ['root@(.*):[/~]#']"}
- {"dt": "2020-09-29T10:58:34.452792", "lvl": "debug", "msg": "end: 2.2.1 login-action (duration 00:00:37) [common]"}
- {"dt": "2020-09-29T10:58:34.454053", "lvl": "results", "msg": {"case": "login-action", "definition": "lava", "duration": "36.65", "extra": {"success": "login:"}, "level": "2.2.1", "namespace": "common", "result": "pass"}}
- {"dt": "2020-09-29T10:58:34.456347", "lvl": "debug", "msg": "end: 2.2 auto-login-action (duration 00:00:38) [common]"}
- {"dt": "2020-09-29T10:58:34.457699", "lvl": "debug", "msg": "start: 2.3 expect-shell-connection (timeout 00:09:22) [common]"}
- {"dt": "2020-09-29T10:58:34.458885", "lvl": "debug", "msg": "Setting prompt string to ['root@(.*):[/~]#']"}
- {"dt": "2020-09-29T10:58:34.459962", "lvl": "debug", "msg": "Forcing a shell prompt, looking for ['root@(.*):[/~]#']"}
- {"dt": "2020-09-29T10:58:34.461045", "lvl": "input", "msg": "\n"}
- {"dt": "2020-09-29T10:58:34.512764", "lvl": "target", "msg": "7[r[999;999H[6n8root@juno:~# "}
- {"dt": "2020-09-29T10:58:34.514437", "lvl": "debug", "msg": "expect-shell-connection: Wait for prompt ['root@(.*):[/~]#'] (timeout 00:10:00)"}
- {"dt": "2020-09-29T10:58:34.515630", "lvl": "debug", "msg": "Waiting using forced prompt support (timeout 00:05:00)"}
- {"dt": "2020-09-29T10:58:34.517206", "lvl": "target", "msg": ""}
- {"dt": "2020-09-29T10:58:34.518900", "lvl": "debug", "msg": "end: 2.3 expect-shell-connection (duration 00:00:00) [common]"}
- {"dt": "2020-09-29T10:58:34.520229", "lvl": "debug", "msg": "start: 2.4 export-device-env (timeout 00:09:22) [common]"}
- {"dt": "2020-09-29T10:58:34.521542", "lvl": "debug", "msg": "end: 2.4 export-device-env (duration 00:00:00) [common]"}
- {"dt": "2020-09-29T10:58:34.522936", "lvl": "info", "msg": "end: 2 boot-image-retry (duration 00:00:38) [common]"}
- {"dt": "2020-09-29T10:58:34.524207", "lvl": "info", "msg": "start: 3 lava-test-retry (timeout 00:45:00) [common]"}
- {"dt": "2020-09-29T10:58:34.525491", "lvl": "debug", "msg": "start: 3.1 lava-test-shell (timeout 00:45:00) [common]"}
- {"dt": "2020-09-29T10:58:34.526631", "lvl": "debug", "msg": "Using namespace: common"}
- {"dt": "2020-09-29T10:58:34.527784", "lvl": "input", "msg": "#\n"}
- {"dt": "2020-09-29T10:58:34.629819", "lvl": "target", "msg": "root@juno:~# #"}
- {"dt": "2020-09-29T10:58:34.631487", "lvl": "debug", "msg": "lava-test-shell: Wait for prompt ['root@(.*):[/~]#'] (timeout 00:45:00)"}
- {"dt": "2020-09-29T10:58:34.633083", "lvl": "target", "msg": "#"}
- {"dt": "2020-09-29T10:58:34.635142", "lvl": "input", "msg": "mkdir /lava-1801301\n"}
- {"dt": "2020-09-29T10:58:34.737246", "lvl": "target", "msg": "root@juno:~# mkdir /lava-1801301"}
- {"dt": "2020-09-29T10:58:34.740224", "lvl": "target", "msg": "mkdir /lava-1801301"}
- {"dt": "2020-09-29T10:58:34.747545", "lvl": "input", "msg": "mount /dev/disk/by-uuid/23f01d4d-bbf3-4ee3-91e7-d28b362671c9 -t ext2 /lava-1801301\n"}
- {"dt": "2020-09-29T10:58:34.849841", "lvl": "target", "msg": "root@juno:~# mount /dev/disk/by-uuid/23f01d4d-bbf3-4ee3-91e7-d28b362671c9 -t ext2 /lava-1801301"}
- {"dt": "2020-09-29T10:58:34.852373", "lvl": "target", "msg": "mount /dev/disk/by-uuid/23f01d4d-bbf3-4ee3-91e7-d28b362671c9 -t ext22 /lava-1801301"}
- {"dt": "2020-09-29T10:58:34.865241", "lvl": "target", "msg": "[   37.311629] ext2 filesystem being mounted at /lava-1801301 supports timestamps until 2038 (0x7fffffff)"}
- {"dt": "2020-09-29T10:58:34.867780", "lvl": "input", "msg": "ls -la /lava-1801301/bin/lava-test-runner\n"}
- {"dt": "2020-09-29T10:58:34.970016", "lvl": "target", "msg": "root@juno:~# ls -la /lava-1801301/bin/lava-test-runner"}
- {"dt": "2020-09-29T10:58:34.972429", "lvl": "target", "msg": "ls -la /lava-1801301/bin/lava-test-runner"}
- {"dt": "2020-09-29T10:58:34.986599", "lvl": "target", "msg": "-rwxr-xr-x 1 root root 1039 Sep 29 10:57 /lava-1801301/bin/lava-test-runner"}
- {"dt": "2020-09-29T10:58:34.989183", "lvl": "debug", "msg": "Using /lava-1801301"}
- {"dt": "2020-09-29T10:58:34.990399", "lvl": "input", "msg": "export SHELL=/bin/sh\n"}
- {"dt": "2020-09-29T10:58:35.092436", "lvl": "target", "msg": "root@juno:~# export SHELL=/bin/sh"}
- {"dt": "2020-09-29T10:58:35.094947", "lvl": "target", "msg": "export SHELL=/bin/sh"}
- {"dt": "2020-09-29T10:58:35.097025", "lvl": "input", "msg": ". /lava-1801301/environment\n"}
- {"dt": "2020-09-29T10:58:35.199248", "lvl": "target", "msg": "root@juno:~# . /lava-1801301/environment"}
- {"dt": "2020-09-29T10:58:35.201823", "lvl": "target", "msg": ". /lava-1801301/environment"}
- {"dt": "2020-09-29T10:58:35.204014", "lvl": "input", "msg": "/lava-1801301/bin/lava-test-runner /lava-1801301/0\n"}
- {"dt": "2020-09-29T10:58:35.306098", "lvl": "target", "msg": "root@juno:~# /lava-1801301/bin/lava-test-runner /lava-1801301/0"}
- {"dt": "2020-09-29T10:58:35.307636", "lvl": "info", "msg": "Test shell timeout: 10s (minimum of the action and connection timeout)"}
- {"dt": "2020-09-29T10:58:35.312958", "lvl": "target", "msg": "/lava-1801301/bin/lava-test-runner /lava-1801301/0"}
- {"dt": "2020-09-29T10:58:35.378945", "lvl": "target", "msg": "+ export TESTRUN_ID=0_prep-tmp-disk"}
- {"dt": "2020-09-29T10:58:35.380886", "lvl": "target", "msg": "+ TESTRUN_ID=0_prep-tmp-disk"}
- {"dt": "2020-09-29T10:58:35.382529", "lvl": "target", "msg": "+ cd /lava-1801301/0/tests/0_prep-tmp-disk"}
- {"dt": "2020-09-29T10:58:35.384114", "lvl": "target", "msg": "++ cat uuid"}
- {"dt": "2020-09-29T10:58:35.388763", "lvl": "target", "msg": "+ UUID=1801301_1.3.3.1"}
- {"dt": "2020-09-29T10:58:35.390468", "lvl": "target", "msg": "+ set +x"}
- {"dt": "2020-09-29T10:58:35.392007", "lvl": "target", "msg": "<LAVA_SIGNAL_STARTRUN 0_prep-tmp-disk 1801301_1.3.3.1>"}
- {"dt": "2020-09-29T10:58:35.393136", "lvl": "target", "msg": "+ df -h"}
- {"dt": "2020-09-29T10:58:35.394718", "lvl": "debug", "msg": "Received signal: <STARTRUN> 0_prep-tmp-disk 1801301_1.3.3.1"}
- {"dt": "2020-09-29T10:58:35.395839", "lvl": "info", "msg": "Starting test lava.0_prep-tmp-disk (1801301_1.3.3.1)"}
- {"dt": "2020-09-29T10:58:35.397143", "lvl": "info", "msg": "Skipping test definition patterns."}
- {"dt": "2020-09-29T10:58:35.400884", "lvl": "target", "msg": "Filesystem      Size  Used Avail Use% Mounted on"}
- {"dt": "2020-09-29T10:58:35.402599", "lvl": "target", "msg": "/dev/root       2.4G  1.1G  1.2G  49% /"}
- {"dt": "2020-09-29T10:58:35.404117", "lvl": "target", "msg": "devtmpfs        1.9G     0  1.9G   0% /dev"}
- {"dt": "2020-09-29T10:58:35.405686", "lvl": "target", "msg": "tmpfs           2.0G     0  2.0G   0% /dev/shm"}
- {"dt": "2020-09-29T10:58:35.407314", "lvl": "target", "msg": "tmpfs           2.0G  8.3M  2.0G   1% /run"}
- {"dt": "2020-09-29T10:58:35.408847", "lvl": "target", "msg": "tmpfs           2.0G     0  2.0G   0% /sys/fs/cgroup"}
- {"dt": "2020-09-29T10:58:35.410379", "lvl": "target", "msg": "tmpfs           2.0G     0  2.0G   0% /tmp"}
- {"dt": "2020-09-29T10:58:35.411903", "lvl": "target", "msg": "tmpfs           2.0G     0  2.0G   0% /var/volatile"}
- {"dt": "2020-09-29T10:58:35.413830", "lvl": "target", "msg": "tmpfs           393M     0  393M   0% /run/user/0"}
- {"dt": "2020-09-29T10:58:35.415430", "lvl": "target", "msg": "/dev/vdb        504M   51M  429M  11% /lava-1801301"}
- {"dt": "2020-09-29T10:58:35.417412", "lvl": "target", "msg": "+ ln -s /tmp /scratch"}
- {"dt": "2020-09-29T10:58:35.423810", "lvl": "target", "msg": "+ set +x"}
- {"dt": "2020-09-29T10:58:35.426105", "lvl": "target", "msg": "<LAVA_SIGNAL_ENDRUN 0_prep-tmp-disk 1801301_1.3.3.1>"}
- {"dt": "2020-09-29T10:58:35.427606", "lvl": "debug", "msg": "Received signal: <ENDRUN> 0_prep-tmp-disk 1801301_1.3.3.1"}
- {"dt": "2020-09-29T10:58:35.428741", "lvl": "info", "msg": "Ending use of test pattern."}
- {"dt": "2020-09-29T10:58:35.429813", "lvl": "info", "msg": "Ending test lava.0_prep-tmp-disk (1801301_1.3.3.1), duration 0.03"}
- {"dt": "2020-09-29T10:58:35.431368", "lvl": "results", "msg": {"case": "0_prep-tmp-disk", "definition": "lava", "duration": "0.04", "namespace": "common", "path": "inline/prep.yaml", "repository": {"metadata": {"description": "Link /scratch to /tmp", "format": "Lava-Test Test Definition 1.0", "name": "prep-tmp-disk"}, "run": {"steps": ["df -h", "ln -s /tmp /scratch"]}}, "result": "pass", "revision": "unspecified", "uuid": "1801301_1.3.3.1"}}
- {"dt": "2020-09-29T10:58:35.456723", "lvl": "target", "msg": "+ export TESTRUN_ID=1_ltp-quickhit-tests"}
- {"dt": "2020-09-29T10:58:35.458678", "lvl": "target", "msg": "+ TESTRUN_ID=1_ltp-quickhit-tests"}
- {"dt": "2020-09-29T10:58:35.460252", "lvl": "target", "msg": "+ cd /lava-1801301/0/tests/1_ltp-quickhit-tests"}
- {"dt": "2020-09-29T10:58:35.461883", "lvl": "target", "msg": "++ cat uuid"}
- {"dt": "2020-09-29T10:58:35.466603", "lvl": "target", "msg": "+ UUID=1801301_1.3.3.5"}
- {"dt": "2020-09-29T10:58:35.468292", "lvl": "target", "msg": "+ set +x"}
- {"dt": "2020-09-29T10:58:35.469877", "lvl": "target", "msg": "<LAVA_SIGNAL_STARTRUN 1_ltp-quickhit-tests 1801301_1.3.3.5>"}
- {"dt": "2020-09-29T10:58:35.471438", "lvl": "debug", "msg": "Received signal: <STARTRUN> 1_ltp-quickhit-tests 1801301_1.3.3.5"}
- {"dt": "2020-09-29T10:58:35.472539", "lvl": "info", "msg": "Starting test lava.1_ltp-quickhit-tests (1801301_1.3.3.5)"}
- {"dt": "2020-09-29T10:58:35.473843", "lvl": "info", "msg": "Skipping test definition patterns."}
- {"dt": "2020-09-29T10:58:35.475657", "lvl": "target", "msg": "+ cd ./automated/linux/ltp/"}
- {"dt": "2020-09-29T10:58:35.479997", "lvl": "target", "msg": "+ ./ltp.sh -T quickhit -s true -v 20180926 -M 3 -R root -b qemu_arm64 -d /scratch -g default -e production -S skipfile-lkft.yaml"}
- {"dt": "2020-09-29T10:58:35.487901", "lvl": "target", "msg": "+ . ../../lib/sh-test-lib"}
- {"dt": "2020-09-29T10:58:35.490200", "lvl": "target", "msg": "++ LANG=C"}
- {"dt": "2020-09-29T10:58:35.491773", "lvl": "target", "msg": "++ export LANG"}
- {"dt": "2020-09-29T10:58:35.508065", "lvl": "target", "msg": "++ export PATH=/lava-1801301/0/../bin:/usr/local/bin:/usr/bin:/bin:/usr/local/sbin:/usr/sbin:/sbin:/sbin:/usr/sbin:/usr/local/sbin"}
- {"dt": "2020-09-29T10:58:35.512618", "lvl": "target", "msg": "++ PATH=/lava-1801301/0/../bin:/usr/local/bin:/usr/bin:/bin:/usr/local/sbin:/usr/sbin:/sbin:/sbin:/usr/sbin:/usr/local/sbin"}
- {"dt": "2020-09-29T10:58:35.518236", "lvl": "target", "msg": "++ pwd"}
- {"dt": "2020-09-29T10:58:35.523059", "lvl": "target", "msg": "+ OUTPUT=/lava-1801301/0/tests/1_ltp-quickhit-tests/automated/linux/ltp/output"}
- {"dt": "2020-09-29T10:58:35.527229", "lvl": "target", "msg": "+ RESULT_FILE=/lava-1801301/0/tests/1_ltp-quickhit-tests/automated/linux/ltp/output/result.txt"}
- {"dt": "2020-09-29T10:58:35.530625", "lvl": "target", "msg": "++ readlink -f ./ltp.sh"}
- {"dt": "2020-09-29T10:58:35.541972", "lvl": "target", "msg": "+ SCRIPT=/lava-1801301/0/tests/1_ltp-quickhit-tests/automated/linux/ltp/ltp.sh"}
- {"dt": "2020-09-29T10:58:35.548578", "lvl": "target", "msg": "++ dirname /lava-1801301/0/tests/1_ltp-quickhit-tests/automated/linux/ltp/ltp.sh"}
- {"dt": "2020-09-29T10:58:35.556488", "lvl": "target", "msg": "+ SCRIPTPATH=/lava-1801301/0/tests/1_ltp-quickhit-tests/automated/linux/ltp"}
- {"dt": "2020-09-29T10:58:35.559954", "lvl": "target", "msg": "+ echo 'Script path is: /lava-1801301/0/tests/1_ltp-quickhit-tests/automated/linux/ltp'"}
- {"dt": "2020-09-29T10:58:35.562935", "lvl": "target", "msg": "Script path is: /lava-1801301/0/tests/1_ltp-quickhit-tests/automated/linux/ltp"}
- {"dt": "2020-09-29T10:58:35.564552", "lvl": "target", "msg": "+ TST_CMDFILES="}
- {"dt": "2020-09-29T10:58:35.565607", "lvl": "target", "msg": "+ SKIPFILE="}
- {"dt": "2020-09-29T10:58:35.567264", "lvl": "target", "msg": "+ SKIPFILE_YAML="}
- {"dt": "2020-09-29T10:58:35.568300", "lvl": "target", "msg": "+ BOARD="}
- {"dt": "2020-09-29T10:58:35.569342", "lvl": "target", "msg": "+ BRANCH="}
- {"dt": "2020-09-29T10:58:35.570510", "lvl": "target", "msg": "+ ENVIRONMENT="}
- {"dt": "2020-09-29T10:58:35.572109", "lvl": "target", "msg": "+ LTP_VERSION=20180926"}
- {"dt": "2020-09-29T10:58:35.573168", "lvl": "target", "msg": "+ LTP_TMPDIR=/ltp-tmp"}
- {"dt": "2020-09-29T10:58:35.574304", "lvl": "target", "msg": "+ LTP_PATH=/opt/ltp"}
- {"dt": "2020-09-29T10:58:35.575395", "lvl": "target", "msg": "+ getopts M:T:S:b:d:g:e:s:v:R: arg"}
- {"dt": "2020-09-29T10:58:35.577080", "lvl": "target", "msg": "+ case \\\"$arg\\\" in"}
- {"dt": "2020-09-29T10:58:35.578295", "lvl": "target", "msg": "+ TST_CMDFILES=quickhit"}
- {"dt": "2020-09-29T10:58:35.579925", "lvl": "target", "msg": "++ echo quickhit"}
- {"dt": "2020-09-29T10:58:35.580994", "lvl": "target", "msg": "++ sed 's,\\/,_,'"}
- {"dt": "2020-09-29T10:58:35.586917", "lvl": "target", "msg": "+ LOG_FILE=quickhit"}
- {"dt": "2020-09-29T10:58:35.588655", "lvl": "target", "msg": "+ getopts M:T:S:b:d:g:e:s:v:R: arg"}
- {"dt": "2020-09-29T10:58:35.590325", "lvl": "target", "msg": "+ case \\\"$arg\\\" in"}
- {"dt": "2020-09-29T10:58:35.591378", "lvl": "target", "msg": "+ SKIP_INSTALL=true"}
- {"dt": "2020-09-29T10:58:35.592924", "lvl": "target", "msg": "+ getopts M:T:S:b:d:g:e:s:v:R: arg"}
- {"dt": "2020-09-29T10:58:35.594074", "lvl": "target", "msg": "+ case \\\"$arg\\\" in"}
- {"dt": "2020-09-29T10:58:35.595119", "lvl": "target", "msg": "+ LTP_VERSION=20180926"}
- {"dt": "2020-09-29T10:58:35.596726", "lvl": "target", "msg": "+ getopts M:T:S:b:d:g:e:s:v:R: arg"}
- {"dt": "2020-09-29T10:58:35.597778", "lvl": "target", "msg": "+ case \\\"$arg\\\" in"}
- {"dt": "2020-09-29T10:58:35.598932", "lvl": "target", "msg": "+ export LTP_TIMEOUT_MUL=3"}
- {"dt": "2020-09-29T10:58:35.599963", "lvl": "target", "msg": "+ LTP_TIMEOUT_MUL=3"}
- {"dt": "2020-09-29T10:58:35.601581", "lvl": "target", "msg": "+ getopts M:T:S:b:d:g:e:s:v:R: arg"}
- {"dt": "2020-09-29T10:58:35.602753", "lvl": "target", "msg": "+ case \\\"$arg\\\" in"}
- {"dt": "2020-09-29T10:58:35.603780", "lvl": "target", "msg": "+ export PASSWD=root"}
- {"dt": "2020-09-29T10:58:35.604811", "lvl": "target", "msg": "+ PASSWD=root"}
- {"dt": "2020-09-29T10:58:35.605857", "lvl": "target", "msg": "+ getopts M:T:S:b:d:g:e:s:v:R: arg"}
- {"dt": "2020-09-29T10:58:35.607518", "lvl": "target", "msg": "+ case \\\"$arg\\\" in"}
- {"dt": "2020-09-29T10:58:35.608574", "lvl": "target", "msg": "+ export BOARD=qemu_arm64"}
- {"dt": "2020-09-29T10:58:35.609625", "lvl": "target", "msg": "+ BOARD=qemu_arm64"}
- {"dt": "2020-09-29T10:58:35.610755", "lvl": "target", "msg": "+ getopts M:T:S:b:d:g:e:s:v:R: arg"}
- {"dt": "2020-09-29T10:58:35.611775", "lvl": "target", "msg": "+ case \\\"$arg\\\" in"}
- {"dt": "2020-09-29T10:58:35.612809", "lvl": "target", "msg": "+ export LTP_TMPDIR=/scratch"}
- {"dt": "2020-09-29T10:58:35.613856", "lvl": "target", "msg": "+ LTP_TMPDIR=/scratch"}
- {"dt": "2020-09-29T10:58:35.615519", "lvl": "target", "msg": "+ getopts M:T:S:b:d:g:e:s:v:R: arg"}
- {"dt": "2020-09-29T10:58:35.616565", "lvl": "target", "msg": "+ case \\\"$arg\\\" in"}
- {"dt": "2020-09-29T10:58:35.617595", "lvl": "target", "msg": "+ export BRANCH=default"}
- {"dt": "2020-09-29T10:58:35.618720", "lvl": "target", "msg": "+ BRANCH=default"}
- {"dt": "2020-09-29T10:58:35.619758", "lvl": "target", "msg": "+ getopts M:T:S:b:d:g:e:s:v:R: arg"}
- {"dt": "2020-09-29T10:58:35.620796", "lvl": "target", "msg": "+ case \\\"$arg\\\" in"}
- {"dt": "2020-09-29T10:58:35.621844", "lvl": "target", "msg": "+ export ENVIRONMENT=production"}
- {"dt": "2020-09-29T10:58:35.622931", "lvl": "target", "msg": "+ ENVIRONMENT=production"}
- {"dt": "2020-09-29T10:58:35.624572", "lvl": "target", "msg": "+ getopts M:T:S:b:d:g:e:s:v:R: arg"}
- {"dt": "2020-09-29T10:58:35.625649", "lvl": "target", "msg": "+ case \\\"$arg\\\" in"}
- {"dt": "2020-09-29T10:58:35.626854", "lvl": "target", "msg": "+ '[' -z skipfile-lkft.yaml ']'"}
- {"dt": "2020-09-29T10:58:35.627897", "lvl": "target", "msg": "+ '[' yaml = yaml ']'"}
- {"dt": "2020-09-29T10:58:35.628931", "lvl": "target", "msg": "+ SKIPFILE_YAML=/lava-1801301/0/tests/1_ltp-quickhit-tests/automated/linux/ltp/skipfile-lkft.yaml"}
- {"dt": "2020-09-29T10:58:35.630029", "lvl": "target", "msg": "+ getopts M:T:S:b:d:g:e:s:v:R: arg"}
- {"dt": "2020-09-29T10:58:35.631681", "lvl": "target", "msg": "+ '[' -n /lava-1801301/0/tests/1_ltp-quickhit-tests/automated/linux/ltp/skipfile-lkft.yaml ']'"}
- {"dt": "2020-09-29T10:58:35.633316", "lvl": "target", "msg": "+ export SKIPFILE_PATH=/lava-1801301/0/tests/1_ltp-quickhit-tests/automated/linux/ltp/generated_skipfile"}
- {"dt": "2020-09-29T10:58:35.635898", "lvl": "target", "msg": "+ SKIPFILE_PATH=/lava-1801301/0/tests/1_ltp-quickhit-tests/automated/linux/ltp/generated_skipfile"}
- {"dt": "2020-09-29T10:58:35.637577", "lvl": "target", "msg": "+ generate_skipfile"}
- {"dt": "2020-09-29T10:58:35.641480", "lvl": "target", "msg": "+ info_msg 'Generating a skipfile based on /lava-1801301/0/tests/1_ltp-quickhit-tests/automated/linux/ltp/skipfile-lkft.yaml'"}
- {"dt": "2020-09-29T10:58:35.645868", "lvl": "target", "msg": "+ local 'msg=Generating a skipfile based on /lava-1801301/0/tests/1_ltp-quickhit-tests/automated/linux/ltp/skipfile-lkft.yaml'"}
- {"dt": "2020-09-29T10:58:35.650730", "lvl": "target", "msg": "+ '[' -z 'Generating a skipfile based on /lava-1801301/0/tests/1_ltp-quickhit-tests/automated/linux/ltp/skipfile-lkft.yaml' ']'"}
- {"dt": "2020-09-29T10:58:35.655967", "lvl": "target", "msg": "+ printf 'INFO: %s\\n' 'Generating a skipfile based on /lava-1801301/0/tests/1_ltp-quickhit-tests/automated/linux/ltp/skipfile-lkft.yaml'"}
- {"dt": "2020-09-29T10:58:35.660399", "lvl": "target", "msg": "INFO: Generating a skipfile based on /lava-1801301/0/tests/1_ltp-quickhit-tests/automated/linux/ltp/skipfile-lkft.yaml"}
- {"dt": "2020-09-29T10:58:35.662213", "lvl": "target", "msg": "+ detect_abi"}
- {"dt": "2020-09-29T10:58:35.663869", "lvl": "target", "msg": "++ uname -m"}
- {"dt": "2020-09-29T10:58:35.669793", "lvl": "target", "msg": "+ abi=aarch64"}
- {"dt": "2020-09-29T10:58:35.671617", "lvl": "target", "msg": "+ case \\\"${abi}\\\" in"}
- {"dt": "2020-09-29T10:58:35.672676", "lvl": "target", "msg": "+ abi=arm64"}
- {"dt": "2020-09-29T10:58:35.674348", "lvl": "target", "msg": "+ local SKIPGEN_ARGS="}
- {"dt": "2020-09-29T10:58:35.675380", "lvl": "target", "msg": "+ test -n qemu_arm64"}
- {"dt": "2020-09-29T10:58:35.676386", "lvl": "target", "msg": "+ SKIPGEN_ARGS=' --board qemu_arm64'"}
- {"dt": "2020-09-29T10:58:35.678055", "lvl": "target", "msg": "+ test -n default"}
- {"dt": "2020-09-29T10:58:35.679111", "lvl": "target", "msg": "+ SKIPGEN_ARGS=' --board qemu_arm64 --branch default'"}
- {"dt": "2020-09-29T10:58:35.680645", "lvl": "target", "msg": "+ test -n production"}
- {"dt": "2020-09-29T10:58:35.682319", "lvl": "target", "msg": "+ SKIPGEN_ARGS=' --board qemu_arm64 --branch default --environment production'"}
- {"dt": "2020-09-29T10:58:35.686657", "lvl": "target", "msg": "+ ../../bin/arm64/skipgen --board qemu_arm64 --branch default --environment production /lava-1801301/0/tests/1_ltp-quickhit-tests/automated/linux/ltp/skipfile-lkft.yaml"}
- {"dt": "2020-09-29T10:58:35.779236", "lvl": "target", "msg": "+ test 0 -eq 0"}
- {"dt": "2020-09-29T10:58:35.782142", "lvl": "target", "msg": "+ info_msg 'Using the following generated skipfile contents (until EOF):'"}
- {"dt": "2020-09-29T10:58:35.785155", "lvl": "target", "msg": "+ local 'msg=Using the following generated skipfile contents (until EOF):'"}
- {"dt": "2020-09-29T10:58:35.787774", "lvl": "target", "msg": "+ '[' -z 'Using the following generated skipfile contents (until EOF):' ']'"}
- {"dt": "2020-09-29T10:58:35.791196", "lvl": "target", "msg": "+ printf 'INFO: %s\\n' 'Using the following generated skipfile contents (until EOF):'"}
- {"dt": "2020-09-29T10:58:35.793744", "lvl": "target", "msg": "INFO: Using the following generated skipfile contents (until EOF):"}
- {"dt": "2020-09-29T10:58:35.797243", "lvl": "target", "msg": "+ cat /lava-1801301/0/tests/1_ltp-quickhit-tests/automated/linux/ltp/generated_skipfile"}
- {"dt": "2020-09-29T10:58:35.801527", "lvl": "target", "msg": "dio10"}
- {"dt": "2020-09-29T10:58:35.802754", "lvl": "target", "msg": "dio16"}
- {"dt": "2020-09-29T10:58:35.804315", "lvl": "target", "msg": "dio17"}
- {"dt": "2020-09-29T10:58:35.805338", "lvl": "target", "msg": "dio20"}
- {"dt": "2020-09-29T10:58:35.806437", "lvl": "target", "msg": "dio21"}
- {"dt": "2020-09-29T10:58:35.807427", "lvl": "target", "msg": "dio24"}
- {"dt": "2020-09-29T10:58:35.808395", "lvl": "target", "msg": "dio25"}
- {"dt": "2020-09-29T10:58:35.809368", "lvl": "target", "msg": "dio27"}
- {"dt": "2020-09-29T10:58:35.810398", "lvl": "target", "msg": "dio28"}
- {"dt": "2020-09-29T10:58:35.811370", "lvl": "target", "msg": "dio29"}
- {"dt": "2020-09-29T10:58:35.812355", "lvl": "target", "msg": "dio30"}
- {"dt": "2020-09-29T10:58:35.813358", "lvl": "target", "msg": "fork13"}
- {"dt": "2020-09-29T10:58:35.815049", "lvl": "target", "msg": "gf01"}
